altText
altTextID
helpText
helpTextID
size
scale
source
uri
imageName
valueExpr
typeExpr
action
onPrepare
onCreate
onRender
onPageBreak
backgroundColor
borderTopWidth
borderTopStyle
borderTopColor
borderBottomWidth
borderBottomStyle
borderBottomColor
borderLeftWidth
borderLeftStyle
borderLeftColor
borderRightWidth
borderRightStyle
borderRightColor
color
display
fontFamily
fontSize
fontWeight
fontStyle
fontVariant
highlightRules
marginTop
marginBottom
marginLeft
marginRight
masterPage
paddingTop
paddingLeft
paddingBottom
paddingRight
pageBreakAfter
pageBreakBefore
pageBreakInside
showIfBlank
textAlign
textUnderline
textOverline
textLineThrough
verticalAlign
bookmark
toc
dataSet
x
y
height
width
visibility
paramBindings
refTemplateParameter
boundDataColumns
zIndex
style
name
extends
displayName
displayNameID
comments
eventHandlerClass
viewAction
customXml
propertyMasks
userProperties