<?xml version="1.0" encoding="UTF-8"?>
<report xmlns="http://www.eclipse.org/birt/2005/design" version="3.2.13" id="1">
    <page-setup>
        <graphic-master-page name="page" id="2">
            <property name="type">custom</property>
            <property name="height">11in</property>
            <property name="width">8.5in</property>
            <property name="orientation">auto</property>
            <property name="columns">1</property>
            <property name="columnSpacing">0.25in</property>
        </graphic-master-page>
    </page-setup>
    <body>
        <free-form name="parent" id="3">
            <property name="comments">Sample Section</property>
            <text-property name="displayName">The Section</text-property>
            <structure name="toc">
            	<expression name="expressionValue">"This Section"</expression>
            </structure>
            <report-items>
                <label name="label" id="4">
                    <text-property name="displayName" key="hello">he</text-property>
                </label>
                <free-form name="child" id="5">
                    <property name="comments">Sample Section</property>
                    <text-property name="displayName">The Section</text-property>
                    <structure name="toc">
            			<expression name="expressionValue">"This Section"</expression>
            		</structure>
                    <report-items>
                        <label name="labelTwo" id="6">
                            <text-property name="displayName" key="hello">he</text-property>
                        </label>
                    </report-items>
                </free-form>
            </report-items>
        </free-form>
    </body>
</report>
