caption
captionID
onPrepare
onCreate
onRender
onPageBreak
fontFamily
fontSize
fontStyle
fontWeight
fontVariant
color
textUnderline
textOverline
textLineThrough
backgroundAttachment
backgroundColor
backgroundImage
backgroundPositionX
backgroundPositionY
backgroundRepeat
letterSpacing
lineHeight
textAlign
textIndent
textTransform
verticalAlign
whiteSpace
widows
orphans
wordSpacing
display
masterPage
pageBreakBefore
pageBreakAfter
pageBreakInside
showIfBlank
borderTopStyle
borderTopWidth
borderTopColor
borderLeftStyle
borderLeftWidth
borderLeftColor
borderBottomStyle
borderBottomWidth
borderBottomColor
borderRightStyle
borderRightWidth
borderRightColor
marginTop
marginBottom
marginLeft
marginRight
paddingTop
paddingLeft
paddingBottom
paddingRight
dateTimeFormat
numberFormat
numberAlign
stringFormat
canShrink
mapRules
highlightRules
