<?xml version="1.0" encoding="UTF-8"?>
<report xmlns="http://www.eclipse.org/birt/2005/design" version="3.2.22" id="1">
    <body>
        <extended-item extensionName="TestingAction" name="action1" id="2">
            <property name="variables">
                <variable-element name="variable1">
                    <expression name="value">expression for variable</expression>
                </variable-element>
            </property>
            <property name="test1" type="constant">11em</property>
            <property name="test2" type="javascript">30+20</property>
        </extended-item>
    </body>
</report>
