<?xml version="1.0" encoding="UTF-8"?>
<report xmlns="http://www.eclipse.org/birt/2005/design" version="3.2.21" id="1">
    <property name="theme">LibA.theme1</property>
    <list-property name="libraries">
        <structure>
            <property name="fileName">ElementReferenceLibrary.xml</property>
            <property name="namespace">LibA</property>
        </structure>
        <structure>
            <property name="fileName">DataSourceLibrary1.xml</property>
            <property name="namespace">Lib1</property>
        </structure>
        <structure>
            <property name="fileName">DataSourceLibrary2.xml</property>
            <property name="namespace">Lib2</property>
        </structure>
    </list-property>
    <list-property name="configVars">
        <structure>
            <property name="name">var1</property>
            <property name="value">mumble.jpg</property>
        </structure>
    </list-property>
    <data-sources>
        <oda-data-source name="dataSource1" id="2"/>
        <oda-data-source name="dataSource2" id="3"/>
        <oda-data-source name="dataSource3" id="4" extends="LibA.dataSource1"/>
    </data-sources>
    <data-sets>
        <oda-data-set name="dataSet2" id="5">
            <property name="dataSource">dataSource3</property>
        </oda-data-set>
        <oda-data-set name="dataSet3" id="6">
            <property name="dataSource">dataSource1</property>
        </oda-data-set>
        <oda-data-set name="dataSet4" id="7" extends="LibA.dataSet1"/>
    </data-sets>
    <list-property name="colorPalette">
        <structure>
            <property name="name">lighterRed</property>
            <property name="color">333</property>
            <text-property name="displayName" key="cus red key">cus red display</text-property>
        </structure>
    </list-property>
    <styles>
        <style name="style1" id="8">
            <property name="color">blue</property>
        </style>
        <style name="style2" id="9">
            <property name="color">blue</property>
        </style>
    </styles>
    <page-setup>
        <graphic-master-page name="page1" id="10"/>
    </page-setup>
    <body>
        <label name="label1" id="11">
            <property name="style">style3</property>
        </label>
        <label name="label2" id="12" extends="LibA.libLabel1">
            <property name="style">style1</property>
                    <text-property name="text">Design Label</text-property>
        </label>
        <label name="label3" id="13">
            <property name="backgroundColor">lighterRed</property>
            <property name="color">LibA.lighterBlue</property>
        </label>
        <table name="table1" id="14">
            <property name="dataSet">LibA.dataSet1</property>
        </table>
        <table name="table2" id="15">
            <property name="dataSet">dataSet2</property>
        </table>
        <table name="table3" id="16" extends="LibA.libTable1">
            <overridden-values>
                <ref-entry baseId="12" id="17"/>
                <ref-entry baseId="13" id="18"/>
                <ref-entry baseId="14" id="19"/>
                <ref-entry baseId="15" id="20"/>
                <ref-entry baseId="16" id="21"/>
                <ref-entry baseId="17" name="label_1_1" id="22"/>
                <ref-entry baseId="18" id="23"/>
                <ref-entry baseId="19" name="label_1_2" id="24"/>
                <ref-entry baseId="20" id="25"/>
                <ref-entry baseId="21" id="26"/>
                <ref-entry baseId="22" name="libInnerTable" id="27"/>
                <ref-entry baseId="23" id="28"/>
                <ref-entry baseId="24" id="29"/>
                <ref-entry baseId="25" name="libInnerText" id="30"/>
                <ref-entry baseId="26" id="31"/>
            </overridden-values>
        </table>
        <table name="table4" id="32">
            <property name="dataSet">dataSet4</property>
        </table>
    </body>
    <list-property name="images">
        <structure>
            <property name="name">image1.jpg</property>
            <property name="type">image/bmp</property>
            <property name="data">
                imagetesAAAAimagetesAAAAimagetesAAAAimagetesAAAAimagetesAAAAimagetesAAAAimagetes
            </property>
        </structure>
    </list-property>
</report>
