<?xml version="1.0" encoding="UTF-8"?>
<report xmlns="http://www.eclipse.org/birt/2005/design" version="3.2.19" id="1">
    <data-sources>
        <script-data-source name="myData_Source" id="2"/>
    </data-sources>
    <data-sets>
        <script-data-set name="first__DataSet" id="3">
            <property name="dataSource">myData_Source</property>
        </script-data-set>
        <script-data-set name="secondDataSet_" id="4">
            <property name="dataSource">myData_Source</property>
        </script-data-set>
    </data-sets>
    <page-setup>
        <graphic-master-page name="My Page" id="5">
        	<property name="topMargin">1in</property>
            <property name="leftMargin">1.25in</property>
            <property name="bottomMargin">1in</property>
            <property name="rightMargin">1.25in</property>
            <contents>
                <data id="6"/>
            </contents>
        </graphic-master-page>
    </page-setup>
</report>
