<?xml version="1.0" encoding="UTF-8"?>
<report xmlns="http://www.eclipse.org/birt/2005/design" version="3.2.11" id="1">
    <data-sources>
        <oda-data-source name="extendedDataSource" id="2"/>
    </data-sources>
    <data-sets>
        <oda-data-set name="MyDataSet" id="3">
            <property name="dataSource">extendedDataSource</property>
            <list-property name="resultSet">
                <structure>
                    <property name="position">1</property>
                    <property name="name">column 1</property>
                    <property name="nativeName">column native 1</property>
                    <property name="dataType">string</property>
                    <property name="nativeDataType">10</property>
                </structure>
                <structure>
                    <property name="position">2</property>
                    <property name="name">column 2</property>
                    <property name="dataType">date-time</property>
                </structure>
                <structure>
                    <property name="position">3</property>
                    <property name="name">id</property>                    
                    <property name="nativeName">id</property>
                    <property name="dataType">integer</property>
                </structure>
            </list-property>
            <property name="queryText">select * from user</property>
            <property name="resultSetName">userid</property>
        </oda-data-set>
    </data-sets>
    <page-setup>
        <graphic-master-page name="My Page" id="4">
            <property name="columns">1</property>
            <property name="columnSpacing">0.25mm</property>
        </graphic-master-page>
    </page-setup>
</report>
