<?xml version="1.0" encoding="UTF-8"?>
<report xmlns="http://www.eclipse.org/birt/2005/design" version="3.2.17" id="1">
    <data-sources>
        <oda-data-source name="datasource1" id="2"/>
    </data-sources>
    <data-sets>
        <oda-data-set name="dataset1" id="3">
            <list-property name="computedColumns">
                <structure>
                    <property name="name">column1</property>
                    <expression name="expression">expression1</expression>
                </structure>
                <structure>
                    <property name="name">column2</property>
                    <expression name="expression">expression2</expression>
                </structure>
            </list-property>
            <property name="dataSource">datasource1</property>
        </oda-data-set>
    </data-sets>
</report>
