<?xml version="1.0" encoding="UTF-8"?>
<report xmlns="http://www.eclipse.org/birt/2005/design" version="3.2.19" id="65">
    <data-sets>
        <oda-data-set name="MyDataSet" id="66"/>
    </data-sets>
    <body>
        <table name="MyTable1" id="6">
            <property name="width">100%</property>
            <property name="dataSet">Data Set</property>
            <list-property name="boundDataColumns">
                <structure>
                    <property name="name">CREDITLIMIT</property>
                    <expression name="expression">dataSetRow["CREDITLIMIT"]</expression>
                </structure>
                <structure>
                    <property name="name">CUSTOMERNAME</property>
                    <expression name="expression">dataSetRow["CUSTOMERNAME"]</expression>
                </structure>
                <structure>
                    <property name="name">CITY</property>
                    <expression name="expression">dataSetRow["CITY"]</expression>
                </structure>
                <structure>
                    <property name="name">Total.sum(row["CREDITLIMIT"])</property>
                    <expression name="expression">Total.sum(row["CREDITLIMIT"])</expression>
                    <simple-property-list name="aggregateOn">
                        <value>NewTableGroup1</value>
                    </simple-property-list>
                </structure>
            </list-property>
            <property name="pageBreakInterval">50</property>
            <list-property name="filter">
                <structure>
                    <property name="operator">gt</property>
                    <expression name="expr">row["CREDITLIMIT"]</expression>
                    <simple-property-list name="value1">
                    	<value>64600.0</value>
                    </simple-property-list>
                </structure>
            </list-property>
            <column id="19">
                <property name="width">1.677in</property>
            </column>
            <column id="20">
                <property name="width">3.583in</property>
            </column>
            <header>
                <row id="7">
                    <cell id="8">
                        <label id="31">
                            <text-property name="text">CITY</text-property>
                        </label>
                    </cell>
                    <cell id="9">
                        <label id="35">
                            <text-property name="text">CREDITLIMIT</text-property>
                        </label>
                    </cell>
                </row>
            </header>
            <group id="22">
                <property name="groupName">NewTableGroup1</property>
                <property name="interval">none</property>
                <property name="sortDirection">asc</property>
                <expression name="keyExpr">row["CITY"]</expression>
                <header>
                    <row id="23">
                        <cell id="24">
                            <property name="borderTopColor">#000000</property>
                            <property name="borderTopStyle">solid</property>
                            <property name="borderTopWidth">medium</property>
                            <data id="32">
                                <property name="fontWeight">bold</property>
                                <property name="resultSetColumn">CITY</property>
                            </data>
                        </cell>
                        <cell id="25">
                            <property name="borderTopColor">#000000</property>
                            <property name="borderTopStyle">solid</property>
                            <property name="borderTopWidth">medium</property>
                            <table id="56">
                                <property name="color">#0000FF</property>
                                <property name="width">100%</property>
                                <list-property name="boundDataColumns">
                                    <structure>
                                        <property name="name">CREDITLIMIT</property>
                                        <expression name="expression">dataSetRow["CREDITLIMIT"]</expression>
                                    </structure>
                                </list-property>
                                <property name="pageBreakInterval">50</property>
                                <column id="63"/>
                                <detail>
                                    <row id="59">
                                        <cell id="60">
                                            <data id="64">
                                                <property name="resultSetColumn">CREDITLIMIT</property>
                                            </data>
                                        </cell>
                                    </row>
                                </detail>
                            </table>
                        </cell>
                    </row>
                </header>
                <footer>
                    <row id="27">
                        <cell id="28">
                            <label id="55">
                                <property name="fontStyle">italic</property>
                                <text-property name="text">Total:</text-property>
                            </label>
                        </cell>
                        <cell id="29">
                            <data id="54">
                                <property name="fontStyle">italic</property>
                                <property name="resultSetColumn">Total.sum(row["CREDITLIMIT"])</property>
                            </data>
                        </cell>
                    </row>
                </footer>
            </group>
            <detail>
                <row id="11">
                    <cell id="12">
                        <data id="33">
                            <property name="resultSetColumn">CUSTOMERNAME</property>
                        </data>
                    </cell>
                    <cell id="13">
                        <data id="36">
                            <property name="resultSetColumn">CREDITLIMIT</property>
                        </data>
                    </cell>
                </row>
            </detail>
            <footer>
                <row id="15">
                    <cell id="16"/>
                    <cell id="17"/>
                </row>
            </footer>
        </table>
    </body>
</report>
