<?xml version="1.0" encoding="UTF-8"?>
<report xmlns="http://www.eclipse.org/birt/2005/design" version="3.2.19" id="1">
    <body>
        <label name="bodyLabel" id="2">
        	<structure name="toc">
        		<expression name="expressionValue">2005 Statistics</expression>
        	</structure>
        </label>
    </body>
</report>
