<?xml version="1.0" encoding="UTF-8"?>
<report xmlns="http://www.eclipse.org/birt/2005/design" version="3.2.20" id="1">
    <data-sets>
		<oda-data-set extensionID="org.eclipse.birt.report.data.oda.jdbc.JdbcSelectDataSet" name="myDataSet1" id="2">
            <xml-property name="queryText"><![CDATA[   ]]></xml-property>
        </oda-data-set>
        <oda-data-set extensionID="org.eclipse.birt.report.data.oda.jdbc.JdbcSelectDataSet" name="myDataSet2" id="3">
            <xml-property name="queryText"><![CDATA[  select * from CLASSICMODELS.CUSTOMERS ]]&gt;  ]]></xml-property>
        </oda-data-set>               
    </data-sets>
</report>
