<?xml version="1.0" encoding="UTF-8"?>
<report xmlns="http://www.eclipse.org/birt/2005/design" version="3.2.11" id="1">
    <data-sets>
        <oda-data-set name="MyDataSet" id="2"/>
    </data-sets>
    <page-setup>
        <graphic-master-page name="My Page" id="3"/>
    </page-setup>
    <body>
        <list name="MyList1" id="4">
            <list-property name="boundDataColumns">
                <structure>
                    <property name="name">COLUMN_1</property>
                    <expression name="expression">column1 expr</expression>
                    <property name="dataType">integer</property>
                    <simple-property-list name="aggregateOn">
                        <value>COLUMN_1_GROUP</value>
                    </simple-property-list>
                </structure>
                <structure>
                    <property name="name">COLUMN_2</property>
                    <expression name="expression">column1 expr</expression>
                    <property name="dataType">integer</property>
                    <simple-property-list name="aggregateOn">
                        <value>COLUMN_2_GROUP</value>
                    </simple-property-list>
                </structure>
                <structure>
                    <property name="name">COLUMN_6</property>
                    <expression name="expression">column1 expr</expression>
                    <property name="dataType">integer</property>
                    <simple-property-list name="aggregateOn">
                        <value>COLUMN_6_GROUP</value>
                    </simple-property-list>
                </structure>
            </list-property>
            <detail>
                <data name="InnerData2" id="5">
                    <list-property name="boundDataColumns">
                        <structure>
                            <property name="name">COLUMN_3</property>
                            <expression name="expression">column1 expr</expression>
                            <property name="dataType">integer</property>
                            <simple-property-list name="aggregateOn">
                                <value>COLUMN_3_GROUP</value>
                            </simple-property-list>
                        </structure>
                    </list-property>
                </data>
            </detail>
        </list>
    </body>
</report>
