<?xml version="1.0" encoding="UTF-8"?>
<report xmlns="http://www.eclipse.org/birt/2005/design" version="3.2.18" id="1">
    <data-sources>
        <script-data-source name="myDataSource" id="4"/>
    </data-sources>
    <data-sets>
        <script-data-set name="firstDataSet" id="5">
            <property name="dataSource">myDataSource</property>
        </script-data-set>
        <script-data-set name="secondDataSet" id="6">
            <property name="dataSource">myDataSource</property>
        </script-data-set>
    </data-sets>
    <cubes>
        <tabular-cube name="testCube" id="7">
            <property name="defaultMeasureGroup">testMeasureGroup</property>
            <property name="dimensions">
                <tabular-dimension name="testDimension" id="8">
                    <property name="isTimeType">true</property>
                    <property name="defaultHierarchy">testHierarchy</property>
                    <property name="hierarchies">
                        <tabular-hierarchy name="testHierarchy" id="9">
                            <property name="levels">
                                <tabular-level name="testLevel" id="10">
                                    <property name="dataType">integer</property>
                                    <property name="dateTimeLevelType">month</property>
                                    <property name="valueAccessControls">
                                        <value-access-control>
                                            <simple-property-list name="userNames">
                                                <value>level user1</value>
                                                <value>level user2</value>
                                            </simple-property-list>
                                            <simple-property-list name="roles">
                                                <value>level role1</value>
                                                <value>level role2</value>
                                            </simple-property-list>
                                            <simple-property-list name="values">
                                                <value>level value1</value>
                                                <value>level value2</value>
                                            </simple-property-list>
                                            <property name="permission">disallow</property>
                                        </value-access-control>
                                    </property>
                                    <property name="columnName">column1</property>
                                </tabular-level>
                            </property>
                            <property name="accessControls">
                                <access-control>
                                    <simple-property-list name="userNames">
                                        <value>hierarchy user1</value>
                                        <value>hierarchy user2</value>
                                    </simple-property-list>
                                    <simple-property-list name="roles">
                                        <value>hierarchy role1</value>
                                        <value>hierarchy role2</value>
                                    </simple-property-list>
                                    <property name="permission">allow</property>
                                </access-control>
                            </property>
                            <property name="dataSet">secondDataSet</property>
                        </tabular-hierarchy>
                    </property>
                </tabular-dimension>
            </property>
            <property name="measureGroups">
                <tabular-measure-group name="testMeasureGroup" id="13">
                    <property name="measures">
                        <tabular-measure name="testMeasure" id="14">
                            <property name="function">min</property>
                            <property name="isCalculated">false</property>
                            <expression name="measureExpression">column</expression>
                            <property name="dataType">string</property>
                        </tabular-measure>
                    </property>
                </tabular-measure-group>
            </property>
            <property name="accessControls">
                <access-control>
                    <simple-property-list name="userNames">
                        <value>cube user1</value>
                        <value>cube user2</value>
                    </simple-property-list>
                    <simple-property-list name="roles">
                        <value>cube role1</value>
                        <value>cube role2</value>
                    </simple-property-list>
                    <property name="permission">disallow</property>
                </access-control>
            </property>
            <property name="dataSet">firstDataSet</property>
        </tabular-cube>
        <tabular-cube name="testCube1" id="16" extends="testCube">
            <property name="defaultMeasureGroup">testMeasureGroup1</property>
            <property name="accessControls">
                <access-control>
                    <simple-property-list name="userNames">
                        <value>cube user1</value>
                        <value>cube user2</value>
                    </simple-property-list>
                    <simple-property-list name="roles">
                        <value>cube role1</value>
                        <value>cube role2</value>
                    </simple-property-list>
                    <property name="permission">allow</property>
                </access-control>
            </property>
            <overridden-values>
                <ref-entry baseId="0" name="testDimension1" id="17">
                    <property name="defaultHierarchy">testHierarchy1</property>
                </ref-entry>
                <ref-entry baseId="0" name="testHierarchy1" id="18"/>
                <ref-entry baseId="0" name="testLevel" id="19"/>
                <ref-entry baseId="0" name="testMeasureGroup1" id="20"/>
                <ref-entry baseId="0" name="testMeasure1" id="21"/>
            </overridden-values>
        </tabular-cube>
    </cubes>
    <page-setup>
        <graphic-master-page name="My Page" id="2">
            <contents>
                <data id="3"/>
            </contents>
        </graphic-master-page>
    </page-setup>
</report>
