<?xml version="1.0" encoding="UTF-8"?>
<report xmlns="http://www.eclipse.org/birt/2005/design" version="3.2.17" id="1">
    <page-setup>
        <graphic-master-page name="My Page" id="2"/>
    </page-setup>
    <body>
        <extended-item extensionName="TestingAction" name="action1" id="3">
            <property name="dataGroups">
                <data-group>
                    <property name="groupName">updated group test</property>
                    <expression name="keyExpr">updated [Country]</expression>
                    <property name="intervalBase">updated 2008-1-1</property>
                    <property name="interval">day</property>
                    <property name="intervalRange">1.0</property>
                    <property name="sortDirection">asc</property>
                    <property name="sortType">complex-sort</property>
                    <list-property name="sort">
                        <structure>
                            <expression name="key">name</expression>
                            <property name="direction">asc</property>
                        </structure>
                        <structure>
                            <expression name="key">birthday</expression>
                            <property name="direction">desc</property>
                        </structure>
                    </list-property>
                    <list-property name="filter">
                        <structure>
                            <property name="operator">lt</property>
                            <expression name="expr">filter expression</expression>
                            <simple-property-list name="value1">
                                <value>value1 expression</value>
                            </simple-property-list>
                            <expression name="value2">value2 expression</expression>
                        </structure>
                    </list-property>
                </data-group>
            </property>
        </extended-item>
    </body>
</report>
