<?xml version="1.0" encoding="UTF-8"?>
<report xmlns="http://www.eclipse.org/birt/2005/design" version="3.2.8" id="1">
    <data-sets>
        <oda-data-set name="MyDataSet" id="3"/>
    </data-sets>
    <components>
        <data name="componentsData" id="2">
            <list-property name="boundDataColumns">
                <structure>
                    <property name="name">Components data value</property>
                    <expression name="expression">Components data value</expression>
                </structure>
            </list-property>
            <property name="resultSetColumn">Components data value</property>
        </data>
    </components>
    <page-setup>
        <graphic-master-page name="My Page" id="4">
            <property name="columns">1</property>
            <property name="columnSpacing">0.25mm</property>
            <contents>
                <data name="graphicmasterpageData" id="5">
                    <list-property name="boundDataColumns">
                        <structure>
                            <property name="name">Graphic master page data value</property>
                            <expression name="expression">Graphic master page data value</expression>
                        </structure>
                    </list-property>
                    <property name="resultSetColumn">Graphic master page data value</property>
                </data>
            </contents>
        </graphic-master-page>
    </page-setup>
    <body>
        <free-form id="6">
            <report-items>
                <data name="My First Data" id="7">
                    <list-property name="boundDataColumns">
                        <structure>
                            <property name="name">First data value</property>
                            <expression name="expression">First data value</expression>
                        </structure>
                    </list-property>
                    <property name="resultSetColumn">First data value</property>
                    <text-property name="helpText" key="New key">New help</text-property>
                    <structure name="action">
                        <expression name="uri">http://localhost:8080/</expression>
                    </structure>
                </data>
            </report-items>
        </free-form>
        <data name="Body Data" id="8">
            <list-property name="boundDataColumns">
                <structure>
                    <property name="name">column1</property>
                    <expression name="expression">column1 expr</expression>
                    <property name="dataType">integer</property>
                    <property name="aggregateOn">column1 aggre</property>
                </structure>
            </list-property>
            <property name="resultSetColumn">column1</property>
            <text-property name="helpText" key="New body help key">New body help</text-property>
            <structure name="action">
                <expression name="uri">http://localhost:80/</expression>
            </structure>
        </data>
    </body>
    <scratch-pad>
        <data name="scratchpadData" id="9">
            <list-property name="boundDataColumns">
                <structure>
                    <property name="name">Scratch pad data value</property>
                    <expression name="expression">Scratch pad data value</expression>
                </structure>
            </list-property>
            <property name="resultSetColumn">Scratch pad data value</property>
        </data>
    </scratch-pad>
</report>
