<?xml version="1.0" encoding="UTF-8"?>
<report xmlns="http://www.eclipse.org/birt/2005/design" version="3.2.10" id="1">
    <list-property name="colorPalette">
        <structure>
            <property name="name">myColor</property>
            <property name="color">#010203</property>
            <text-property name="displayName" key="MY_COLOR_ID">My Color</text-property>
        </structure>
        <structure>
            <property name="name">color2</property>
            <property name="color">#8090A0</property>
            <text-property name="displayName" key="COLOR">Color 2</text-property>
        </structure>
    </list-property>
    <styles>
        <style name="My Style" id="2"/>
    </styles>
    <page-setup>
        <graphic-master-page name="My Page" id="3">
            <property name="comments">Sample page</property>
            <property name="type">custom</property>
            <property name="height">11mm</property>
            <property name="width">8.5mm</property>
            <property name="orientation">auto</property>
            <property name="topMargin">0.95mm</property>
            <property name="leftMargin">0.8mm</property>
            <property name="bottomMargin">0.75mm</property>
            <property name="rightMargin">0.9mm</property>
            <property name="columns">1</property>
            <property name="columnSpacing">0.25mm</property>
            <contents>
                <label id="4">
                    <property name="x">1mm</property>
                    <property name="y">0.5mm</property>
                    <property name="height">0.25mm</property>
                    <property name="width">2mm</property>
                    <text-property name="text">First Page</text-property>
                </label>
                <label id="5">
                    <property name="x">6mm</property>
                    <property name="y">0.5mm</property>
                    <property name="height">0.25mm</property>
                    <property name="width">1mm</property>
                    <text-property name="text">Today's Date</text-property>
                </label>
            </contents>
        </graphic-master-page>
    </page-setup>
    <body>
        <free-form id="6">
            <property name="comments">new comment</property>
            <text-property name="displayName">The Section</text-property>
            <property name="backgroundColor">red</property>
            <structure name="toc">
            	<expression name="expressionValue">"This Section"</expression>
            </structure>
            <report-items>
                <label name="StyleLabel" id="7">
                    <property name="style">My Style</property>
                    <property name="fontSize">14mm</property>
                    <property name="x">1mm</property>
                    <property name="y">2mm</property>
                    <property name="height">3mm</property>
                    <property name="width">4mm</property>
                    <text-property name="text">Customer Name</text-property>
                </label>
                <free-form name="freeFrom1" id="8">
                    <property name="comments">Inner freeform</property>
                    <report-items>
                        <free-form name="level3FreeForm" id="10"/>
                        <free-form name="freeFrom3" id="11"/>
                    </report-items>
                </free-form>
            </report-items>
        </free-form>
    </body>
</report>
