<?xml version="1.0" encoding="UTF-8"?>
<report xmlns="http://www.eclipse.org/birt/2005/design" version="3.2.19" id="1">
    <data-sources>
        <oda-data-source name="myDataSource" id="2"/>
    </data-sources>
    <data-sets>
        <oda-data-set name="firstDataSet" id="3">
            <property name="dataSource">myDataSource</property>
            <property name="queryText">SELECT * FROM Customers</property>
        </oda-data-set>
        <oda-data-set name="secondDataSet" id="4">
            <property name="dataSource">myDataSource</property>
            <property name="queryText">SELECT * FROM Customers</property>
        </oda-data-set>
    </data-sets>
    <styles>
        <style name="My-Style" id="5">
            <property name="backgroundColor">yellow</property>
            <property name="fontFamily">"Times"</property>
            <property name="fontSize">12mm</property>
            <property name="fontWeight">bold</property>
            <property name="color">red</property>
        </style>
    </styles>
    <components>
        <label name="base" id="6">
            <property name="x">6mm</property>
            <property name="y">0.5mm</property>
            <property name="height">0.25mm</property>
            <property name="width">1mm</property>
            <property name="dataSet">firstDataSet</property>
            <text-property name="text">First Page</text-property>
        </label>
        <label name="child1" id="7" extends="base">
            <property name="style">My-Style</property>
                    <text-property name="text">Today's Date</text-property>
            <text-property name="helpText" key="help key">label help text</text-property>
        </label>
        <label name="child2" id="8" extends="base">
            <text-property name="text">Tomorrow's Date</text-property>
        </label>
        <label name="tmp" id="9">
            <text-property name="text">Tomorrow's Date</text-property>
        </label>
    </components>
    <page-setup>
        <graphic-master-page name="My Page" id="10">
            <property name="comments">Sample page</property>
            <property name="topMargin">0.95mm</property>
            <property name="leftMargin">0.8mm</property>
            <property name="bottomMargin">0.75mm</property>
            <property name="rightMargin">0.9mm</property>
            <property name="columns">1</property>
            <property name="columnSpacing">0.25mm</property>
            <contents>
                <label name="label1" id="11">
                    <property name="x">1mm</property>
                    <property name="y">0.5mm</property>
                    <property name="height">0.25mm</property>
                    <property name="width">2mm</property>
                    <text-property name="text">First Page</text-property>
                </label>
                <label name="labelTestWriter" id="12">
                    <property name="fontFamily">"labelFace"</property>
                    <property name="fontSize">4mm</property>
                    <property name="fontWeight">bold</property>
                    <property name="color">red</property>
                    <property name="x">7mm</property>
                    <property name="y">0.5mm</property>
                    <property name="height">0.5mm</property>
                    <property name="width">1mm</property>
                    <text-property name="text">Today's Date</text-property>
                    <structure name="action">
                        <expression name="uri">www.myhost.com</expression>
                    </structure>
                </label>
            </contents>
        </graphic-master-page>
    </page-setup>
    <body>
        <free-form id="13">
            <report-items>
                <label name="label3" id="14">
                    <property name="x">1mm</property>
                    <property name="y">2mm</property>
                    <property name="height">3mm</property>
                    <property name="width">4mm</property>
                    <text-property name="text">Customer Name</text-property>
                </label>
            </report-items>
        </free-form>
        <label name="bodyLabel" id="15">
            <xml-property name="customXml"><![CDATA[new custom <text> </text> for bodyLabel]]></xml-property>
            <property name="fontFamily">"bodyFont"</property>
            <property name="color">blue</property>
            <property name="orphans">4</property>
            <property name="widows">5</property>
            <property name="x">6mm</property>
            <property name="y">0.5mm</property>
            <property name="height">0.25mm</property>
            <property name="width">5mm</property>
            <text-property name="text" key="new text resource key">Final day</text-property>
            <text-property name="helpText" key="new help text key">new help text</text-property>
        </label>
        <list name="My List" id="16">
            <property name="dataSet">firstDataSet</property>
            <header>
                <label name="listHeaderLabel" id="17">
                    <property name="x">1mm</property>
                    <property name="y">2mm</property>
                    <property name="height">3mm</property>
                    <property name="width">4mm</property>
                    <text-property name="text">list header</text-property>
                </label>
            </header>
            <detail>
                <label name="listDetailLabel" id="18">
                    <property name="x">1mm</property>
                    <property name="y">2mm</property>
                    <property name="height">3mm</property>
                    <property name="width">4mm</property>
                    <text-property name="text">list detail</text-property>
                </label>
            </detail>
            <footer>
                <label name="listFooterLabel" id="19">
                    <property name="x">1mm</property>
                    <property name="y">2mm</property>
                    <property name="height">3mm</property>
                    <property name="width">4mm</property>
                    <text-property name="text">list footer</text-property>
                </label>
            </footer>
        </list>
        <table name="My table" id="20">
            <property name="dataSet">firstDataSet</property>
            <property name="repeatHeader">true</property>
            <header>
                <row id="21">
                    <cell id="22">
                        <property name="column">1</property>
                        <property name="colSpan">1</property>
                        <property name="rowSpan">1</property>
                        <label name="headerLabel" id="23">
                            <property name="x">1mm</property>
                            <property name="y">2mm</property>
                            <property name="height">3mm</property>
                            <property name="width">4mm</property>
                            <text-property name="text">Customer Name</text-property>
                        </label>
                    </cell>
                </row>
            </header>
            <detail>
                <row id="24">
                    <cell id="25">
                        <property name="column">1</property>
                        <property name="colSpan">2</property>
                        <property name="rowSpan">1</property>
                        <label name="detailLabel" id="26">
                            <property name="x">1.1mm</property>
                            <property name="y">2.2mm</property>
                            <property name="height">3.3mm</property>
                            <property name="width">4.4mm</property>
                            <text-property name="text">Address</text-property>
                        </label>
                    </cell>
                </row>
            </detail>
            <footer>
                <row id="27">
                    <cell id="28">
                        <property name="column">1</property>
                        <property name="colSpan">2</property>
                        <property name="rowSpan">1</property>
                        <label name="footerLabel" id="29">
                            <property name="x">1.1mm</property>
                            <property name="y">2.2mm</property>
                            <property name="height">3.3mm</property>
                            <property name="width">4.4mm</property>
                            <text-property name="text">Address4</text-property>
                        </label>
                    </cell>
                </row>
            </footer>
        </table>
    </body>
    <scratch-pad>
        <label name="scratchpadLabel" id="30">
            <property name="x">1.1mm</property>
            <property name="y">2.2mm</property>
            <property name="height">3.3mm</property>
            <property name="width">4.4mm</property>
            <text-property name="text">scratch</text-property>
        </label>
    </scratch-pad>
</report>
