<?xml version="1.0" encoding="UTF-8"?>
<report xmlns="http://www.eclipse.org/birt/2005/design" version="3.2.14" id="1">
    <data-sources>
        <oda-data-source name="myDataSource" id="2"/>
        <oda-data-source name="myDataSource2" id="3"/>
    </data-sources>
    <data-sets>
        <oda-data-set name="firstDataSet" id="4">
            <list-property name="resultSetHints">
                <structure>
                    <property name="position">1</property>
                    <property name="name">name</property>
                    <property name="dataType">string</property>
                </structure>
                <structure>
                    <property name="position">2</property>
                    <property name="name">date</property>
                    <property name="dataType">date-time</property>
                </structure>
                <structure>
                    <property name="position">3</property>
                    <property name="name">name</property>
                    <property name="dataType">integer</property>
                </structure>
            </list-property>
            <property name="dataSource">myDataSource</property>
            <method name="beforeOpen"><![CDATA[script_beforeopen]]></method>
            <method name="beforeClose"><![CDATA[script_beforeclose]]></method>
            <method name="onFetch"><![CDATA[script_onfetch]]></method>
            <method name="afterOpen"><![CDATA[script_afteropen]]></method>
            <method name="afterClose"><![CDATA[script_afterclose]]></method>
            <list-property name="resultSet">
                <structure>
                    <property name="position">1</property>
                    <property name="name">name</property>
                    <property name="dataType">string</property>
                    <property name="nativeDataType">0</property>
                </structure>
                <structure>
                    <property name="position">2</property>
                    <property name="name">date</property>
                    <property name="dataType">date-time</property>
                    <property name="nativeDataType">2</property>
                </structure>
                <structure>
                    <property name="position">3</property>
                    <property name="name">name</property>
                    <property name="dataType">integer</property>
                    <property name="nativeDataType">3</property>
                </structure>
            </list-property>
        </oda-data-set>
    </data-sets>
    <page-setup>
        <graphic-master-page name="My Page" id="5">
            <property name="comments">Sample page</property>
            <property name="topMargin">0.95mm</property>
            <property name="leftMargin">0.8mm</property>
            <property name="bottomMargin">0.75mm</property>
            <property name="rightMargin">0.9mm</property>
            <property name="columns">1</property>
            <property name="columnSpacing">0.25mm</property>
        </graphic-master-page>
    </page-setup>
</report>
