<?xml version="1.0" encoding="UTF-8"?>
<report xmlns="http://www.eclipse.org/birt/2005/design" version="3.2.16" id="1">
    <page-setup>
        <graphic-master-page name="My Page" id="2">
            <property name="type">custom</property>
            <property name="height">11mm</property>
            <property name="width">8.5mm</property>
            <property name="orientation">auto</property>
            <property name="columns">1</property>
            <property name="columnSpacing">0.25mm</property>
        </graphic-master-page>
    </page-setup>
    <body>
        <list name="My list" id="3">
        	<property name="pageBreakInterval">50</property>
            <list-property name="sort">
                <structure>
                    <expression name="key">age</expression>
                    <property name="direction">asc</property>
                </structure>
                <structure>
                    <expression name="key">grade</expression>
                    <property name="direction">desc</property>
                </structure>
            </list-property>
        </list>
        <table name="My table" id="4">
        	<property name="pageBreakInterval">50</property>
            <list-property name="sort">
                <structure>
                    <expression name="key">age</expression>
                    <property name="direction">asc</property>
                </structure>
                <structure>
                    <expression name="key">grade</expression>
                    <property name="direction">desc</property>
                </structure>
            </list-property>
        </table>
    </body>
</report>
