<?xml version="1.0" encoding="UTF-8"?>
<report xmlns="http://www.eclipse.org/birt/2005/design" version="3.2.10" id="1">
    <page-setup>
        <graphic-master-page name="My Page" id="2">
            <property name="columns">1</property>
            <property name="columnSpacing">0.25mm</property>
            <contents>
                <label id="3"/>
                <text id="4">
                    <property name="contentType">html</property>
                    <text-property name="content" key="static"><![CDATA[new content hello <> <html></html>]]></text-property>
                </text>
                <text id="5">
                    <text-property name="content"><![CDATA[    text & < > ' " static    ]]></text-property>
                </text>
                <text id="6">
                    <text-property name="content" key="odd 1"><![CDATA[text &amp; &lt; &gt; &apos; &quot; static]]></text-property>
                </text>
                <text id="7">
                    <text-property name="content" key="static"><![CDATA[<hello>text &amp; </hello>&lt; <hello>&gt; &apos; &quot; static</hello>]]></text-property>
                </text>
            </contents>
        </graphic-master-page>
    </page-setup>
    <body>
        <text id="8">
            <property name="contentType">html</property>
            <text-property name="content" key="static"><![CDATA[<hello>text &amp; </hello>&lt; <hello>&gt; &apos; &quot; static</hello>]]></text-property>
        </text>
    </body>
</report>
