<?xml version="1.0" encoding="UTF-8"?>
<report xmlns="http://www.eclipse.org/birt/2005/design" version="3.2.22" id="1">
    <page-setup>
        <graphic-master-page name="My Page" id="2"/>
    </page-setup>
    <body>
        <extended-item extensionName="TestingAction" name="action1" id="3">
            <property name="variables">
                <variable-element name="new variable1">
                    <expression name="value">new expression for variable</expression>
                    <property name="type">page</property>
                </variable-element>
            </property>
        </extended-item>
    </body>
</report>
