<?xml version="1.0" encoding="UTF-8"?>
<report xmlns="http://www.eclipse.org/birt/2005/design" version="3.2.10" id="1">
    <page-setup>
        <graphic-master-page name="My Page" id="2">
            <property name="type">custom</property>
            <property name="height">11mm</property>
            <property name="width">8.5mm</property>
            <property name="orientation">auto</property>
            <property name="columns">1</property>
            <property name="columnSpacing">0.25mm</property>
        </graphic-master-page>
    </page-setup>
    <body>
        <image name="Image1" id="3">
            <structure name="action">
                <property name="linkType">drill-through</property>
                <property name="reportName">report-name1</property>
                <list-property name="paramBindings">
                    <structure>
                        <property name="paramName">param1</property>
                        <expression name="expression">exp1</expression>
                    </structure>
                    <structure>
                        <property name="paramName">param2</property>
                        <expression name="expression">exp2</expression>
                    </structure>
                </list-property>
                <list-property name="search">
                    <structure>
                        <expression name="expression">Key1</expression>
                    </structure>
                    <structure>
                        <expression name="expression">Key2</expression>
                    </structure>
                </list-property>
            </structure>
        </image>
    </body>
</report>
