<?xml version="1.0" encoding="UTF-8"?>
<library xmlns="http://www.eclipse.org/birt/2005/design" version="3.2.19" id="1">
    <property name="theme">defaultTheme</property>
    <list-property name="colorPalette">
        <structure>
            <property name="name">customColor1</property>
            <property name="color">#0000FE</property>
            <text-property name="displayName" key="custom-color1">Color1</text-property>
        </structure>
    </list-property>
    <themes>
        <theme name="defaultTheme" id="2">
            <styles>
                <style name="style1" id="3">
                    <property name="color">red</property>
                </style>
            </styles>
        </theme>
    </themes>
    <components>
        <label name="libLabel" id="4"/>
    </components>
</library>
