<?xml version="1.0" encoding="UTF-8"?>
<library xmlns="http://www.eclipse.org/birt/2005/design" version="3.2.18" id="1">
    <property name="theme">defaultTheme</property>
    <themes>
        <theme name="defaultTheme" id="2">
            <styles>
                <style name="style1" id="3">
                    <property name="color">red</property>
                </style>
            </styles>
        </theme>
    </themes>
    <components>
        <label name="libLabel" id="4"/>
        <table name="table1" id="5">
            <property name="fontWeight">200</property>
            <property name="dataSet">firstDataSet</property>
            <property name="pageBreakInterval">50</property>
            <group id="6">
                <property name="groupName">NewTableGroup1</property>
                <property name="interval">week</property>
                <property name="intervalRange">3.0</property>
                <expression name="keyExpr">state</expression>
                <header>
                    <row id="7">
                        <cell id="8">
                            <property name="fontWeight">normal</property>
                        </cell>
                    </row>
                </header>
            </group>
            <detail>
                <row id="9">
                    <cell id="10">
                        <label name="innerLabel" id="11">
                            <property name="fontWeight">bolder</property>
                        </label>
                    </cell>
                </row>
            </detail>
        </table>
    </components>
</library>