<?xml version="1.0" encoding="UTF-8"?>
<library xmlns="http://www.eclipse.org/birt/2005/design" version="3.2.18" id="1">
    <property name="theme">defaultTheme</property>
    <themes>
        <theme name="defaultTheme" id="2">
            <styles>
                <style name="style1" id="3">
                    <property name="color">red</property>
                </style>
            </styles>
        </theme>
    </themes>
    <components>
        <label name="libLabel" id="4"/>
        <label name="label1" id="5">
            <text-property name="text" key="ResourceKey.Label.Text">label1</text-property>
        </label>
    </components>
</library>
