<?xml version="1.0" encoding="UTF-8"?>
<report xmlns="http://www.eclipse.org/birt/2005/design" version="3.2.14" id="1">
    <list-property name="libraries">
        <structure>
            <property name="fileName">MemberValueLib.xml</property>
            <property name="namespace">Lib1</property>
        </structure>
    </list-property>
    <page-setup>
        <graphic-master-page name="My Page" id="2">
            <property name="topMargin">0.95mm</property>
            <property name="leftMargin">0.8mm</property>
        </graphic-master-page>
    </page-setup>
    <body>
        <extended-item extensionName="TestingTable" name="testTable" extends="Lib1.testTable"
 id="3">
            <property name="filters">
                <filter-condition-element>
                    <expression name="expr">filter expression</expression>
                    <property name="operator">lt</property>
                    <expression name="value1">value1 expression</expression>
                    <expression name="value2">value2 expression</expression>
                    <property name="filterTarget">ResultSet</property>
                    <property name="member">
                        <member-value>
                            <property name="value">new value 1</property>
                            <property name="level">testDimension/testLevel</property>
                            <property name="memberValues">
                                <member-value>
                                    <property name="value">value_2</property>
                                </member-value>
                            </property>
                        </member-value>
                    </property>
                </filter-condition-element>
                <filter-condition-element>
                    <property name="operator">lt</property>
                </filter-condition-element>
            </property>
        </extended-item>
    </body>
</report>
