<?xml version="1.0" encoding="UTF-8"?>
<report xmlns="http://www.eclipse.org/birt/2005/design" version="3.2.9" id="1">
    <styles>
        <style name="My Style" id="2">
            <property name="fontFamily">cursive</property>
            <property name="fontSize">12mm</property>
            <property name="fontWeight">bolder</property>
            <property name="color">red</property>
            <property name="textLineThrough">line-through</property>
            <property name="textUnderline">underline</property>
        </style>
        <style name="Style1" id="3">
            <property name="fontFamily">Time New Roman, Arial</property>
            <property name="fontSize">12mm</property>
            <property name="fontWeight">lighter</property>
            <property name="color">yellow</property>
            <property name="textLineThrough">none</property>
            <property name="textUnderline">underline</property>
            <property name="borderBottomWidth">thin</property>
            <list-property name="mapRules">
                <structure>
                    <property name="operator">like</property>
                </structure>
                <structure>
                    <property name="operator">eq</property>
                </structure>
                <structure>
                    <property name="operator">ge</property>
                </structure>
                <structure>
                    <text-property name="display">set map rules</text-property>
                </structure>
            </list-property>
        </style>
    </styles>
    <components>
        <label name="base" id="4">
            <property name="height">1.23mm</property>
            <text-property name="text">new label text</text-property>
        </label>
        <label name="child1" id="5" extends="base">
            <property name="style">My Style</property>
        </label>
    </components>
</report>
