<?xml version="1.0" encoding="UTF-8"?>
<report xmlns="http://www.eclipse.org/birt/2005/design" version="3.2.22" id="1">
    <body>
        <table name="myTable1" id="7">
            <property name="width">100%</property>
            <property name="dataSet">Data Set</property>
            <list-property name="boundDataColumns">
                <structure>
                    <property name="name">CUSTOMERNUMBER</property>
                    <expression name="expression">dataSetRow["CUSTOMERNUMBER"]</expression>
                    <property name="dataType">integer</property>
                </structure>
                <structure>
                    <property name="name">CUSTOMERNAME</property>
                    <expression name="expression">dataSetRow["CUSTOMERNAME"]</expression>
                    <property name="dataType">string</property>
                </structure>
            </list-property>
            <column id="20"/>
            <column id="21"/>
            <column id="22"/>
            <header>
                <row id="8">
                    <cell id="9"/>
                    <cell id="10"/>
                    <cell id="11"/>
                </row>
            </header>
            <group id="25">
                <property name="groupName">group1</property>
                <expression name="keyExpr">row["CUSTOMERNAME"]</expression>
                <list-property name="sort">
                    <structure>
                        <expression name="key">table 1 name</expression>
                        <property name="direction">asc</property>
                    </structure>
                </list-property>
                <list-property name="filter">
                    <structure>
                        <property name="operator">lt</property>
                        <expression name="expr">table 1 filter expression</expression>
                    </structure>
                </list-property>
            </group>
            <group id="26">
                <property name="groupName">group2</property>
                <expression name="keyExpr">row["CUSTOMERNAME"]</expression>
            </group>
            <group id="27">
                <property name="groupName">group3</property>
                <expression name="keyExpr">row["CUSTOMERNAME"]</expression>
            </group>
            <detail>
                <row id="12">
                    <cell id="13"/>
                    <cell id="14">
                        <data id="23">
                            <property name="resultSetColumn">nobindingitem</property>
                        </data>
                    </cell>
                    <cell id="15">
                        <data id="24">
                            <property name="dataSet">Data Set</property>
                        </data>
                    </cell>
                </row>
            </detail>
        </table>
        <table name="myTable2" id="28">
            <property name="dataSet">Data Set</property>
            <list-property name="boundDataColumns">
                <structure>
                    <property name="name">CUSTOMERNUMBER</property>
                    <expression name="expression">dataSetRow["CUSTOMERNUMBER"]</expression>
                    <property name="dataType">integer</property>
                </structure>
                <structure>
                    <property name="name">CUSTOMERNAME</property>
                    <expression name="expression">dataSetRow["CUSTOMERNAME"]</expression>
                    <property name="dataType">string</property>
                </structure>
            </list-property>
            <group id="38">
                <property name="groupName">group1</property>
                <expression name="keyExpr">row["CUSTOMERNAME"]</expression>
                <list-property name="sort">
                    <structure>
                        <expression name="key">table 1 name</expression>
                        <property name="direction">asc</property>
                    </structure>
                </list-property>
                <list-property name="filter">
                    <structure>
                        <property name="operator">lt</property>
                        <expression name="expr">table 1 filter expression</expression>
                    </structure>
                </list-property>
            </group>
            <group id="39">
                <property name="groupName">group2</property>
                <expression name="keyExpr">row["CUSTOMERNAME"]</expression>
            </group>
            <group id="40">
                <property name="groupName">group3</property>
                <expression name="keyExpr">row["CUSTOMERNAME"]</expression>
            </group>
        </table>
        <list name="myList1" id="30">
            <property name="dataSet">Data Set</property>
            <list-property name="boundDataColumns">
                <structure>
                    <property name="name">CUSTOMERNUMBER</property>
                    <expression name="expression">dataSetRow["CUSTOMERNUMBER"]</expression>
                    <property name="dataType">integer</property>
                </structure>
                <structure>
                    <property name="name">CUSTOMERNAME</property>
                    <expression name="expression">dataSetRow["CUSTOMERNAME"]</expression>
                    <property name="dataType">string</property>
                </structure>
            </list-property>
            <group id="41">
                <property name="groupName">group1</property>
                <expression name="keyExpr">row["CUSTOMERNAME"]</expression>
                <list-property name="sort">
                    <structure>
                        <expression name="key">table 1 name</expression>
                        <property name="direction">asc</property>
                    </structure>
                </list-property>
                <list-property name="filter">
                    <structure>
                        <property name="operator">lt</property>
                        <expression name="expr">table 1 filter expression</expression>
                    </structure>
                </list-property>
            </group>
            <group id="42">
                <property name="groupName">group2</property>
                <expression name="keyExpr">row["CUSTOMERNAME"]</expression>
            </group>
            <group id="43">
                <property name="groupName">group3</property>
                <expression name="keyExpr">row["CUSTOMERNAME"]</expression>
            </group>
        </list>
    </body>
</report>
