<?xml version="1.0" encoding="UTF-8"?>
<report xmlns="http://www.eclipse.org/birt/2005/design" version="3.2.13" id="1">
    <property name="createdBy">Eclipse BIRT Designer Version 2.1.0.qualifier Build &lt;@BUILD@></property>
    <property name="units">in</property>
    <property name="comments">Copyright (c) 2006 Actuate Corporation.</property>
    <data-sources>
        <oda-data-source extensionID="org.eclipse.birt.report.data.oda.jdbc" name="Data Source" id="4">
            <text-property name="displayName">Data Source</text-property>
            <property name="odaDriverClass">org.eclipse.birt.report.data.oda.sampledb.Driver</property>
            <property name="odaURL">jdbc:classicmodels:sampledb</property>
            <property name="odaUser">ClassicModels</property>
        </oda-data-source>
    </data-sources>
    <data-sets>
        <oda-data-set extensionID="org.eclipse.birt.report.data.oda.jdbc.JdbcSelectDataSet" name="Data Set" id="5">
            <text-property name="displayName">Data Set</text-property>
            <property name="dataSource">Data Source</property>
            <property name="queryText">select *
from CLASSICMODELS.CUSTOMERS</property>
        </oda-data-set>
    </data-sets>
    <page-setup>
        <simple-master-page name="Simple MasterPage" id="2">
            <page-footer>
                <text id="3">
                    <property name="contentType">html</property>
                    <text-property name="content"><![CDATA[<value-of>new Date()</value-of>]]></text-property>
                </text>
            </page-footer>
        </simple-master-page>
    </page-setup>
    <body>
        <table name="My table1" id="6">
            <property name="width">100%</property>
            <property name="dataSet">Data Set</property>
            <list-property name="boundDataColumns">
                <structure>
                    <property name="name">CUSTOMERNUMBER</property>
                    <expression name="expression">dataSetRow["CUSTOMERNUMBER"]</expression>
                    <property name="dataType">integer</property>
                </structure>
                <structure>
                    <property name="name">CUSTOMERNAME</property>
                    <expression name="expression">dataSetRow["CUSTOMERNAME"]</expression>
                    <property name="dataType">string</property>
                </structure>
                <structure>
                    <property name="name">CONTACTLASTNAME</property>
                    <expression name="expression">dataSetRow["CONTACTLASTNAME"]</expression>
                    <property name="dataType">string</property>
                </structure>
                <structure>
                    <property name="name">CONTACTFIRSTNAME</property>
                    <expression name="expression">dataSetRow["CONTACTFIRSTNAME"]</expression>
                    <property name="dataType">string</property>
                </structure>
                <structure>
                    <property name="name">PHONE</property>
                    <expression name="expression">dataSetRow["PHONE"]</expression>
                    <property name="dataType">string</property>
                </structure>
                <structure>
                    <property name="name">ADDRESSLINE1</property>
                    <expression name="expression">dataSetRow["ADDRESSLINE1"]</expression>
                    <property name="dataType">string</property>
                </structure>
                <structure>
                    <property name="name">ADDRESSLINE2</property>
                    <expression name="expression">dataSetRow["ADDRESSLINE2"]</expression>
                    <property name="dataType">string</property>
                </structure>
                <structure>
                    <property name="name">CITY</property>
                    <expression name="expression">dataSetRow["CITY"]</expression>
                    <property name="dataType">string</property>
                </structure>
                <structure>
                    <property name="name">STATE</property>
                    <expression name="expression">dataSetRow["STATE"]</expression>
                    <property name="dataType">string</property>
                </structure>
                <structure>
                    <property name="name">POSTALCODE</property>
                    <expression name="expression">dataSetRow["POSTALCODE"]</expression>
                    <property name="dataType">string</property>
                </structure>
                <structure>
                    <property name="name">COUNTRY</property>
                    <expression name="expression">dataSetRow["COUNTRY"]</expression>
                    <property name="dataType">string</property>
                </structure>
                <structure>
                    <property name="name">SALESREPEMPLOYEENUMBER</property>
                    <expression name="expression">dataSetRow["SALESREPEMPLOYEENUMBER"]</expression>
                    <property name="dataType">integer</property>
                </structure>
                <structure>
                    <property name="name">CREDITLIMIT</property>
                    <expression name="expression">dataSetRow["CREDITLIMIT"]</expression>
                    <property name="dataType">float</property>
                </structure>
            </list-property>
            <column id="75"/>
            <column id="76"/>
            <column id="77"/>
            <column id="78"/>
            <column id="79"/>
            <column id="80"/>
            <column id="81"/>
            <column id="82"/>
            <column id="83"/>
            <column id="84"/>
            <column id="85"/>
            <column id="86"/>
            <column id="87"/>
            <header>
                <row id="7">
                    <cell id="8">
                        <label id="9">
                            <text-property name="text">CUSTOMERNUMBER</text-property>
                        </label>
                    </cell>
                    <cell id="10">
                        <label id="11">
                            <text-property name="text">CUSTOMERNAME</text-property>
                        </label>
                    </cell>
                    <cell id="12">
                        <label id="13">
                            <text-property name="text">CONTACTLASTNAME</text-property>
                        </label>
                    </cell>
                    <cell id="14">
                        <label id="15">
                            <text-property name="text">CONTACTFIRSTNAME</text-property>
                        </label>
                    </cell>
                    <cell id="16">
                        <label id="17">
                            <text-property name="text">PHONE</text-property>
                        </label>
                    </cell>
                    <cell id="18">
                        <label id="19">
                            <text-property name="text">ADDRESSLINE1</text-property>
                        </label>
                    </cell>
                    <cell id="20">
                        <label id="21">
                            <text-property name="text">ADDRESSLINE2</text-property>
                        </label>
                    </cell>
                    <cell id="22">
                        <label id="23">
                            <text-property name="text">CITY</text-property>
                        </label>
                    </cell>
                    <cell id="24">
                        <label id="25">
                            <text-property name="text">STATE</text-property>
                        </label>
                    </cell>
                    <cell id="26">
                        <label id="27">
                            <text-property name="text">POSTALCODE</text-property>
                        </label>
                    </cell>
                    <cell id="28">
                        <label id="29">
                            <text-property name="text">COUNTRY</text-property>
                        </label>
                    </cell>
                    <cell id="30">
                        <label id="31">
                            <text-property name="text">SALESREPEMPLOYEENUMBER</text-property>
                        </label>
                    </cell>
                    <cell id="32">
                        <label id="33">
                            <text-property name="text">CREDITLIMIT</text-property>
                        </label>
                    </cell>
                </row>
            </header>
            <group id="118">
                <property name="groupName">phone</property>
                <property name="interval">none</property>
                <property name="sortDirection">asc</property>
                <expression name="keyExpr">row["PHONE"]</expression>
                <property name="repeatHeader">true</property>
                <property name="hideDetail">false</property>
                <property name="pageBreakAfter">auto</property>
                <property name="pageBreakBefore">auto</property>
                <header>
                    <row id="119">
                        <cell id="120">
                            <data id="147">
                                <property name="resultSetColumn">PHONE</property>
                            </data>
                        </cell>
                        <cell id="121"/>
                        <cell id="122"/>
                        <cell id="123"/>
                        <cell id="124"/>
                        <cell id="125"/>
                        <cell id="126"/>
                        <cell id="127"/>
                        <cell id="128"/>
                        <cell id="129"/>
                        <cell id="130"/>
                        <cell id="131"/>
                        <cell id="132"/>
                    </row>
                </header>
                <footer>
                    <row id="133">
                        <cell id="134"/>
                        <cell id="135"/>
                        <cell id="136"/>
                        <cell id="137"/>
                        <cell id="138"/>
                        <cell id="139"/>
                        <cell id="140"/>
                        <cell id="141"/>
                        <cell id="142"/>
                        <cell id="143"/>
                        <cell id="144"/>
                        <cell id="145"/>
                        <cell id="146"/>
                    </row>
                </footer>
            </group>
            <group id="88">
                <property name="groupName">customerName</property>
                <property name="interval">none</property>
                <property name="sortDirection">asc</property>
                <expression name="keyExpr">row["CUSTOMERNAME"]</expression>
                <property name="repeatHeader">true</property>
                <property name="hideDetail">false</property>
                <property name="pageBreakAfter">auto</property>
                <property name="pageBreakBefore">auto</property>
                <header>
                    <row id="275">
                        <cell id="276">
                            <data id="277">
                                <property name="resultSetColumn">PHONE</property>
                            </data>
                        </cell>
                        <cell id="278"/>
                        <cell id="279"/>
                        <cell id="280"/>
                        <cell id="281"/>
                        <cell id="282"/>
                        <cell id="283"/>
                        <cell id="284"/>
                        <cell id="285"/>
                        <cell id="286"/>
                        <cell id="287"/>
                        <cell id="288"/>
                        <cell id="289"/>
                    </row>
                </header>
                <footer>
                    <row id="103">
                        <cell id="104"/>
                        <cell id="105"/>
                        <cell id="106"/>
                        <cell id="107"/>
                        <cell id="108"/>
                        <cell id="109"/>
                        <cell id="110"/>
                        <cell id="111"/>
                        <cell id="112"/>
                        <cell id="113"/>
                        <cell id="114"/>
                        <cell id="115"/>
                        <cell id="116"/>
                    </row>
                </footer>
            </group>
            <detail>
                <row id="149">
                    <cell id="150"/>
                    <cell id="151"/>
                    <cell id="152"/>
                    <cell id="153"/>
                    <cell id="154"/>
                    <cell id="155"/>
                    <cell id="156"/>
                    <cell id="157"/>
                    <cell id="158"/>
                    <cell id="159"/>
                    <cell id="160"/>
                    <cell id="161"/>
                    <cell id="162"/>
                </row>
                <row id="34">
                    <cell id="35">
                        <data id="36">
                            <property name="resultSetColumn">CUSTOMERNUMBER</property>
                        </data>
                    </cell>
                    <cell id="37">
                        <property name="colSpan">2</property>
                        <property name="rowSpan">2</property>
                        <data id="38">
                            <property name="resultSetColumn">CUSTOMERNAME</property>
                        </data>
                        <data id="40">
                            <property name="resultSetColumn">CONTACTLASTNAME</property>
                        </data>
                    </cell>
                    <cell id="41">
                        <data id="42">
                            <property name="resultSetColumn">CONTACTFIRSTNAME</property>
                        </data>
                    </cell>
                    <cell id="43">
                        <data id="44">
                            <property name="resultSetColumn">PHONE</property>
                        </data>
                    </cell>
                    <cell id="45">
                        <data id="46">
                            <property name="resultSetColumn">ADDRESSLINE1</property>
                        </data>
                    </cell>
                    <cell id="47">
                        <data id="48">
                            <property name="resultSetColumn">ADDRESSLINE2</property>
                        </data>
                    </cell>
                    <cell id="49">
                        <property name="colSpan">1</property>
                        <property name="rowSpan">2</property>
                        <data id="50">
                            <property name="resultSetColumn">CITY</property>
                        </data>
                    </cell>
                    <cell id="51">
                        <data id="52">
                            <property name="resultSetColumn">STATE</property>
                        </data>
                    </cell>
                    <cell id="53">
                        <data id="54">
                            <property name="resultSetColumn">POSTALCODE</property>
                        </data>
                    </cell>
                    <cell id="55">
                        <data id="56">
                            <property name="resultSetColumn">COUNTRY</property>
                        </data>
                    </cell>
                    <cell id="57">
                        <data id="58">
                            <property name="resultSetColumn">SALESREPEMPLOYEENUMBER</property>
                        </data>
                    </cell>
                    <cell id="59">
                        <data id="60">
                            <property name="resultSetColumn">CREDITLIMIT</property>
                        </data>
                    </cell>
                </row>
                <row id="163">
                    <cell id="164"/>
                    <cell id="167"/>
                    <cell id="168"/>
                    <cell id="169"/>
                    <cell id="170"/>
                    <cell id="172"/>
                    <cell id="173"/>
                    <cell id="174"/>
                    <cell id="175"/>
                    <cell id="176"/>
                </row>
            </detail>
            <footer>
                <row id="61">
                    <cell id="62"/>
                    <cell id="63"/>
                    <cell id="64"/>
                    <cell id="65"/>
                    <cell id="66"/>
                    <cell id="67"/>
                    <cell id="68"/>
                    <cell id="69"/>
                    <cell id="70"/>
                    <cell id="71"/>
                    <cell id="72"/>
                    <cell id="73"/>
                    <cell id="74"/>
                </row>
            </footer>
        </table>
        <table name="My table2" id="177">
            <property name="width">100%</property>
            <property name="dataSet">Data Set</property>
            <list-property name="boundDataColumns">
                <structure>
                    <property name="name">CUSTOMERNUMBER</property>
                    <expression name="expression">dataSetRow["CUSTOMERNUMBER"]</expression>
                    <property name="dataType">integer</property>
                </structure>
                <structure>
                    <property name="name">CUSTOMERNAME</property>
                    <expression name="expression">dataSetRow["CUSTOMERNAME"]</expression>
                    <property name="dataType">string</property>
                </structure>
                <structure>
                    <property name="name">CONTACTLASTNAME</property>
                    <expression name="expression">dataSetRow["CONTACTLASTNAME"]</expression>
                    <property name="dataType">string</property>
                </structure>
                <structure>
                    <property name="name">CONTACTFIRSTNAME</property>
                    <expression name="expression">dataSetRow["CONTACTFIRSTNAME"]</expression>
                    <property name="dataType">string</property>
                </structure>
                <structure>
                    <property name="name">PHONE</property>
                    <expression name="expression">dataSetRow["PHONE"]</expression>
                    <property name="dataType">string</property>
                </structure>
                <structure>
                    <property name="name">ADDRESSLINE1</property>
                    <expression name="expression">dataSetRow["ADDRESSLINE1"]</expression>
                    <property name="dataType">string</property>
                </structure>
                <structure>
                    <property name="name">ADDRESSLINE2</property>
                    <expression name="expression">dataSetRow["ADDRESSLINE2"]</expression>
                    <property name="dataType">string</property>
                </structure>
                <structure>
                    <property name="name">CITY</property>
                    <expression name="expression">dataSetRow["CITY"]</expression>
                    <property name="dataType">string</property>
                </structure>
                <structure>
                    <property name="name">STATE</property>
                    <expression name="expression">dataSetRow["STATE"]</expression>
                    <property name="dataType">string</property>
                </structure>
                <structure>
                    <property name="name">POSTALCODE</property>
                    <expression name="expression">dataSetRow["POSTALCODE"]</expression>
                    <property name="dataType">string</property>
                </structure>
                <structure>
                    <property name="name">COUNTRY</property>
                    <expression name="expression">dataSetRow["COUNTRY"]</expression>
                    <property name="dataType">string</property>
                </structure>
                <structure>
                    <property name="name">SALESREPEMPLOYEENUMBER</property>
                    <expression name="expression">dataSetRow["SALESREPEMPLOYEENUMBER"]</expression>
                    <property name="dataType">integer</property>
                </structure>
                <structure>
                    <property name="name">CREDITLIMIT</property>
                    <expression name="expression">dataSetRow["CREDITLIMIT"]</expression>
                    <property name="dataType">float</property>
                </structure>
            </list-property>
            <column id="246"/>
            <column id="247"/>
            <column id="248"/>
            <column id="249"/>
            <column id="250"/>
            <column id="251"/>
            <column id="252"/>
            <column id="253"/>
            <column id="254"/>
            <column id="255"/>
            <column id="256"/>
            <column id="257"/>
            <column id="258"/>
            <header>
                <row id="178">
                    <cell id="179">
                        <label id="180">
                            <text-property name="text">CUSTOMERNUMBER</text-property>
                        </label>
                    </cell>
                    <cell id="181">
                        <label id="182">
                            <text-property name="text">CUSTOMERNAME</text-property>
                        </label>
                    </cell>
                    <cell id="183">
                        <label id="184">
                            <text-property name="text">CONTACTLASTNAME</text-property>
                        </label>
                    </cell>
                    <cell id="185">
                        <label id="186">
                            <text-property name="text">CONTACTFIRSTNAME</text-property>
                        </label>
                    </cell>
                    <cell id="187">
                        <label id="188">
                            <text-property name="text">PHONE</text-property>
                        </label>
                    </cell>
                    <cell id="189">
                        <label id="190">
                            <text-property name="text">ADDRESSLINE1</text-property>
                        </label>
                    </cell>
                    <cell id="191">
                        <label id="192">
                            <text-property name="text">ADDRESSLINE2</text-property>
                        </label>
                    </cell>
                    <cell id="193">
                        <label id="194">
                            <text-property name="text">CITY</text-property>
                        </label>
                    </cell>
                    <cell id="195">
                        <label id="196">
                            <text-property name="text">STATE</text-property>
                        </label>
                    </cell>
                    <cell id="197">
                        <label id="198">
                            <text-property name="text">POSTALCODE</text-property>
                        </label>
                    </cell>
                    <cell id="199">
                        <label id="200">
                            <text-property name="text">COUNTRY</text-property>
                        </label>
                    </cell>
                    <cell id="201">
                        <label id="202">
                            <text-property name="text">SALESREPEMPLOYEENUMBER</text-property>
                        </label>
                    </cell>
                    <cell id="203">
                        <label id="204">
                            <text-property name="text">CREDITLIMIT</text-property>
                        </label>
                    </cell>
                </row>
            </header>
            <detail>
                <row id="205">
                    <cell id="206">
                        <data id="207">
                            <property name="resultSetColumn">CUSTOMERNUMBER</property>
                        </data>
                    </cell>
                    <cell id="208">
                        <data id="209">
                            <property name="resultSetColumn">CUSTOMERNAME</property>
                        </data>
                    </cell>
                    <cell id="210">
                        <data id="211">
                            <property name="resultSetColumn">CONTACTLASTNAME</property>
                        </data>
                    </cell>
                    <cell id="212">
                        <data id="213">
                            <property name="resultSetColumn">CONTACTFIRSTNAME</property>
                        </data>
                    </cell>
                    <cell id="214">
                        <data id="215">
                            <property name="resultSetColumn">PHONE</property>
                        </data>
                    </cell>
                    <cell id="216">
                        <data id="217">
                            <property name="resultSetColumn">ADDRESSLINE1</property>
                        </data>
                    </cell>
                    <cell id="218">
                        <data id="219">
                            <property name="resultSetColumn">ADDRESSLINE2</property>
                        </data>
                    </cell>
                    <cell id="220">
                        <data id="221">
                            <property name="resultSetColumn">CITY</property>
                        </data>
                    </cell>
                    <cell id="222">
                        <data id="223">
                            <property name="resultSetColumn">STATE</property>
                        </data>
                    </cell>
                    <cell id="224">
                        <data id="225">
                            <property name="resultSetColumn">POSTALCODE</property>
                        </data>
                    </cell>
                    <cell id="226">
                        <data id="227">
                            <property name="resultSetColumn">COUNTRY</property>
                        </data>
                    </cell>
                    <cell id="228">
                        <data id="229">
                            <property name="resultSetColumn">SALESREPEMPLOYEENUMBER</property>
                        </data>
                    </cell>
                    <cell id="230">
                        <data id="231">
                            <property name="resultSetColumn">CREDITLIMIT</property>
                        </data>
                    </cell>
                </row>
            </detail>
            <footer>
                <row id="232">
                    <cell id="233"/>
                    <cell id="234"/>
                    <cell id="235"/>
                    <cell id="236"/>
                    <cell id="237"/>
                    <cell id="238"/>
                    <cell id="239"/>
                    <cell id="240"/>
                    <cell id="241"/>
                    <cell id="242"/>
                    <cell id="243"/>
                    <cell id="244"/>
                    <cell id="245"/>
                </row>
            </footer>
        </table>
        <table name="My table3" id="259">
            <property name="width">100%</property>
            <column id="272"/>
            <column id="273"/>
            <column id="274"/>
            <header>
                <row id="260">
                    <cell id="261"/>
                    <cell id="262"/>
                    <cell id="263"/>
                </row>
            </header>
            <detail>
                <row id="264">
                    <cell id="265"/>
                    <cell id="266"/>
                    <cell id="267"/>
                </row>
            </detail>
            <footer>
                <row id="268">
                    <cell id="269"/>
                    <cell id="270"/>
                    <cell id="271"/>
                </row>
            </footer>
        </table>
    </body>
</report>
