<?xml version="1.0" encoding="UTF-8"?>
<report xmlns="http://www.eclipse.org/birt/2005/design" version="3.2.18" id="1">   
    <list-property name="scriptLibs">
        <structure>
            <property name="name">/atestReport.jar</property>
        </structure>
        <structure>
            <property name="name">/atest1.jar</property>
        </structure>
        <structure>
            <property name="name">/atest2.jar</property>
        </structure>
    </list-property>
    <page-setup>
        <simple-master-page name="Simple MasterPage" id="2">
            <page-footer>
                <text id="3"/>
            </page-footer>
        </simple-master-page>
    </page-setup>
    <body>
        <label name="NewLabel" id="6"/>
    </body>
</report>
