<?xml version="1.0" encoding="UTF-8"?>
<report xmlns="http://www.eclipse.org/birt/2005/design" version="3.2.16" id="1">
    <property name="createdBy">Eclipse BIRT Designer Version 2.2.0.v20070525 Build &lt;2.2.0.v20070525-1114></property>
    <property name="units">in</property>
    <data-sources>
        <oda-data-source extensionID="org.eclipse.birt.report.data.oda.jdbc" name="Data Source" id="24">
            <property name="odaDriverClass">org.eclipse.birt.report.data.oda.sampledb.Driver</property>
            <property name="odaURL">jdbc:classicmodels:sampledb</property>
            <property name="odaUser">ClassicModels</property>
        </oda-data-source>
    </data-sources>
    <data-sets>
        <oda-data-set extensionID="org.eclipse.birt.report.data.oda.jdbc.JdbcSelectDataSet" name="Data Set" id="25">
            <property name="dataSource">Data Source</property>
            <property name="queryText">select *
from CLASSICMODELS.CUSTOMERS</property>
        </oda-data-set>
    </data-sets>
    <cubes>
        <tabular-cube name="Customer Cube" id="20">
            <property name="defaultMeasureGroup">Summary Field</property>
            <property name="dimensions">
                <tabular-dimension name="Group" id="21">
                    <property name="defaultHierarchy">NewTabularHierarchy</property>
                    <property name="hierarchies">
                        <tabular-hierarchy name="NewTabularHierarchy" id="22">
                            <property name="levels">
                                <tabular-level name="CUSTOMERNUMBER" id="23">
                                    <property name="dataType">integer</property>
                                    <property name="interval">none</property>
                                    <property name="levelType">dynamic</property>
                                    <property name="columnName">CUSTOMERNUMBER</property>
                                </tabular-level>
                            </property>
                            <property name="dataSet">Data Set</property>
                        </tabular-hierarchy>
                    </property>
                </tabular-dimension>
                <tabular-dimension name="Group1" id="26">
                    <property name="defaultHierarchy">NewTabularHierarchy1</property>
                    <property name="hierarchies">
                        <tabular-hierarchy name="NewTabularHierarchy1" id="27">
                            <property name="levels">
                                <tabular-level name="COUNTRY" id="28">
                                    <property name="dataType">string</property>
                                    <property name="interval">none</property>
                                    <property name="levelType">dynamic</property>
                                    <property name="columnName">COUNTRY</property>
                                </tabular-level>
                            </property>
                            <property name="dataSet">Data Set</property>
                        </tabular-hierarchy>
                    </property>
                </tabular-dimension>
            </property>
            <property name="measureGroups">
                <tabular-measure-group name="Summary Field" id="29">
                    <property name="measures">
                        <tabular-measure name="CREDITLIMIT" id="30">
                            <property name="function">sum</property>
                            <expression name="measureExpression">dataSetRow["CREDITLIMIT"]</expression>
                            <property name="dataType">float</property>
                        </tabular-measure>
                    </property>
                </tabular-measure-group>
            </property>
            <property name="dataSet">Data Set</property>
        </tabular-cube>
    </cubes>
    <page-setup>
        <simple-master-page name="Simple MasterPage" id="2">
            <page-footer>
                <text id="3">
                    <property name="contentType">html</property>
                    <text-property name="content"><![CDATA[<value-of>new Date()</value-of>]]></text-property>
                </text>
            </page-footer>
        </simple-master-page>
    </page-setup>
    <body>
        <extended-item extensionName="TestingTable" name="NewExtension Table" id="19">
            <property name="level">Group/CUSTOMERNUMBER</property>
            <property name="cube">Customer Cube</property>
        </extended-item>
    </body>
</report>
