<?xml version="1.0" encoding="UTF-8"?>
<report xmlns="http://www.eclipse.org/birt/2005/design" version="3.2.20" id="5">
    <list-property name="libraries">
        <structure>
            <property name="fileName">CopyUtilLib.xml</property>
            <property name="namespace">new_library</property>
        </structure>
    </list-property>
    <data-sources>
        <oda-data-source name="myDataSource2" id="6"/>
    </data-sources>
    <data-sets>
        <oda-data-set name="firstDataSet" id="7">
            <property name="dataSource">myDataSource</property>
        </oda-data-set>
    </data-sets>
    <cubes>
        <tabular-cube name="cube1" id="9" extends="new_library.Data Cube1">
            <property name="defaultMeasureGroup">Summary Field1</property>
            <overridden-values>
                <ref-entry baseId="22" name="Group" id="22">
                    <property name="defaultHierarchy">NewTabularHierarchy2</property>
                </ref-entry>
                <ref-entry baseId="35" name="NewTabularHierarchy2" id="35"/>
                <ref-entry baseId="36" name="PRODUCTLINE" id="36"/>
                <ref-entry baseId="32" name="Summary Field1" id="32"/>
                <ref-entry baseId="33" name="QUANTITYORDERED" id="33"/>
            </overridden-values>
        </tabular-cube>
        <tabular-cube name="cube11" id="86" extends="new_library.Data Cube1">
            <property name="defaultMeasureGroup">Summary Field11</property>
            <overridden-values>
                <ref-entry baseId="22" name="Group1" id="87">
                    <property name="defaultHierarchy">NewTabularHierarchy21</property>
                </ref-entry>
                <ref-entry baseId="35" name="NewTabularHierarchy21" id="88"/>
                <ref-entry baseId="36" name="PRODUCTLINE" id="89"/>
                <ref-entry baseId="32" name="Summary Field11" id="90"/>
                <ref-entry baseId="33" name="QUANTITYORDERED1" id="91"/>
            </overridden-values>
        </tabular-cube>
        <tabular-cube name="cube12" id="92" extends="new_library.Data Cube1">
            <property name="defaultMeasureGroup">Summary Field12</property>
            <overridden-values>
                <ref-entry baseId="22" name="Group2" id="93">
                    <property name="defaultHierarchy">NewTabularHierarchy22</property>
                </ref-entry>
                <ref-entry baseId="35" name="NewTabularHierarchy22" id="94"/>
                <ref-entry baseId="36" name="PRODUCTLINE" id="95"/>
                <ref-entry baseId="32" name="Summary Field12" id="96"/>
                <ref-entry baseId="33" name="QUANTITYORDERED2" id="97"/>
            </overridden-values>
        </tabular-cube>
    </cubes>
    <page-setup>
        <graphic-master-page name="My Page" id="8"/>
    </page-setup>
    <body>
        <label name="Body Label" id="37" extends="new_library.Base Label">
            <text-property name="text">body text</text-property>
        </label>
        <extended-item extensionName="TestingTable" name="testingTable1" extends="new_library.NewExtension Table"
 id="38">
            <overridden-values>
                <ref-entry baseId="39" name="extensionTable1" id="39"/>
                <ref-entry baseId="40" name="extensionTable2" id="40"/>
            </overridden-values>
        </extended-item>
        <table name="table" id="4" extends="new_library.NewTable">
            <overridden-values>
                <ref-entry baseId="5" id="41"/>
                <ref-entry baseId="6" id="42"/>
                <ref-entry baseId="7" id="43"/>
                <ref-entry baseId="8" id="44"/>
                <ref-entry baseId="9" id="45"/>
                <ref-entry baseId="10" id="10"/>
                <ref-entry baseId="20" name="NewData" id="20"/>
                <ref-entry baseId="11" id="11"/>
                <ref-entry baseId="23" name="NewData1" id="23"/>
                <ref-entry baseId="12" id="12"/>
                <ref-entry baseId="24" name="NewData2" id="24"/>
                <ref-entry baseId="13" id="13"/>
                <ref-entry baseId="14" id="14"/>
                <ref-entry baseId="15" id="15"/>
                <ref-entry baseId="16" id="16"/>
                <ref-entry baseId="17" id="17"/>
                <ref-entry baseId="18" id="18"/>
                <ref-entry baseId="19" id="19"/>
            </overridden-values>
        </table>
        <label name="Body Label1" id="46" extends="new_library.Base Label">
            <text-property name="text">body text</text-property>
        </label>
        <label name="Body Label2" id="47" extends="new_library.Base Label">
            <text-property name="text">body text</text-property>
        </label>
        <table name="table1" id="48" extends="new_library.NewTable">
            <overridden-values>
                <ref-entry baseId="5" id="49"/>
                <ref-entry baseId="6" id="50"/>
                <ref-entry baseId="7" id="51"/>
                <ref-entry baseId="8" id="52"/>
                <ref-entry baseId="9" id="53"/>
                <ref-entry baseId="10" id="54"/>
                <ref-entry baseId="20" name="NewData3" id="55"/>
                <ref-entry baseId="11" id="56"/>
                <ref-entry baseId="23" name="NewData11" id="57"/>
                <ref-entry baseId="12" id="58"/>
                <ref-entry baseId="24" name="NewData21" id="59"/>
                <ref-entry baseId="13" id="60"/>
                <ref-entry baseId="14" id="61"/>
                <ref-entry baseId="15" id="62"/>
                <ref-entry baseId="16" id="63"/>
                <ref-entry baseId="17" id="64"/>
                <ref-entry baseId="18" id="65"/>
                <ref-entry baseId="19" id="66"/>
            </overridden-values>
        </table>
        <table name="table2" id="67" extends="new_library.NewTable">
            <overridden-values>
                <ref-entry baseId="5" id="68"/>
                <ref-entry baseId="6" id="69"/>
                <ref-entry baseId="7" id="70"/>
                <ref-entry baseId="8" id="71"/>
                <ref-entry baseId="9" id="72"/>
                <ref-entry baseId="10" id="73"/>
                <ref-entry baseId="20" name="NewData4" id="74"/>
                <ref-entry baseId="11" id="75"/>
                <ref-entry baseId="23" name="NewData12" id="76"/>
                <ref-entry baseId="12" id="77"/>
                <ref-entry baseId="24" name="NewData22" id="78"/>
                <ref-entry baseId="13" id="79"/>
                <ref-entry baseId="14" id="80"/>
                <ref-entry baseId="15" id="81"/>
                <ref-entry baseId="16" id="82"/>
                <ref-entry baseId="17" id="83"/>
                <ref-entry baseId="18" id="84"/>
                <ref-entry baseId="19" id="85"/>
            </overridden-values>
        </table>
        <extended-item extensionName="TestingTable" name="testingTable11" extends="new_library.NewExtension Table"
 id="98">
            <overridden-values>
                <ref-entry baseId="39" name="extensionTable11" id="99"/>
                <ref-entry baseId="40" name="extensionTable21" id="100"/>
            </overridden-values>
        </extended-item>
        <extended-item extensionName="TestingTable" name="testingTable12" extends="new_library.NewExtension Table"
 id="101">
            <overridden-values>
                <ref-entry baseId="39" name="extensionTable12" id="102"/>
                <ref-entry baseId="40" name="extensionTable22" id="103"/>
            </overridden-values>
        </extended-item>
    </body>
</report>
