<?xml version="1.0" encoding="UTF-8"?>
<report xmlns="http://www.eclipse.org/birt/2005/design" version="3.2.20" id="1">
    <parameters>
        <parameter-group name="My Param Group" id="5">
            <property name="comments">About my param group</property>
            <text-property name="displayName">updated group</text-property>
            <property name="startExpanded">true</property>
            <text-property name="helpText" key="group key">This group contains a bunch of parameters.</text-property>
            <parameters>
                <scalar-parameter name="Param 1" id="6">
                    <property name="hidden">true</property>
                    <text-property name="helpText" key="help">updated param help text</text-property>
                    <method name="validate"><![CDATA[the validation test]]></method>
                    <text-property name="promptText">updated param prompt text</text-property>
                    <property name="valueType">dynamic</property>
                    <property name="isRequired">true</property>
                    <property name="dataSetName">myDataSet2</property>
                    <expression name="valueExpr">value column</expression>
                    <expression name="labelExpr">label column</expression>
                    <property name="dataType">decimal</property>
                    <simple-property-list name="defaultValue">
                        <value type="constant">default param value</value>
                    </simple-property-list>
                    <list-property name="selectionList">
                        <structure>
                            <property name="value">option 1</property>
                            <property name="label">option 1 label</property>
                            <property name="labelID">key 1 for label 1</property>
                        </structure>
                        <structure>
                            <property name="value">option 2</property>
                            <property name="label">option 2 label</property>
                            <property name="labelID">key 2 for label 1</property>
                        </structure>
                        <structure>
                            <property name="value">option 3</property>
                        </structure>
                    </list-property>
                    <property name="concealValue">false</property>
                    <property name="controlType">list-box</property>
                    <property name="autoSuggestThreshold">100</property>
                </scalar-parameter>
            </parameters>
        </parameter-group>
    </parameters>
    <data-sources>
        <oda-data-source extensionID="org.eclipse.birt.report.data.oda.jdbc" name="myDataSource1" id="2">
            <text-property name="displayName">data source display name</text-property>
            <list-property name="privateDriverProperties">
                <ex-property>
                    <name>odaDriverClass</name>
                    <value>new drivers</value>
                </ex-property>
                <ex-property>
                    <name>odaPassword</name>
                    <value>new password</value>
                </ex-property>
            </list-property>
            <property name="odaDriverClass">new drivers</property>
            <property name="odaURL">jdbc:sqlserver://localhost</property>
            <property name="odaUser">new user</property>
        </oda-data-source>
    </data-sources>
    <data-sets>
        <oda-data-set extensionID="org.eclipse.birt.report.data.oda.jdbc.JdbcSelectDataSet" name="myDataSet1" id="3">
            <text-property name="displayName">data set display name</text-property>
            <list-property name="parameters">
                <structure>
                    <property name="name">param1</property>
                    <property name="paramName">Param 1</property>
                    <property name="nativeName">param1</property>
                    <property name="dataType">string</property>
                    <property name="nativeDataType">2</property>
                    <property name="position">1</property>
                    <expression name="defaultValue">param["Param 1"]</expression>
                    <property name="isOptional">false</property>
                    <property name="allowNull">false</property>
                    <property name="isInput">true</property>
                    <property name="isOutput">true</property>
                </structure>
                <structure>
                    <property name="name">dataSetParam2</property>
                    <property name="nativeName">param2</property>
                    <property name="position">2</property>
                    <property name="isOptional">true</property>
                    <property name="isOutput">true</property>
                </structure>
                <structure>
                    <property name="name">dataSetParam3</property>
                    <property name="position">3</property>
                    <expression name="defaultValue" type="constant">data set param default value 3</expression>
                    <property name="isInput">true</property>
                </structure>
                <structure>
                    <property name="name">param4</property>
                    <property name="nativeName">param4</property>
                    <property name="dataType">integer</property>
                    <property name="nativeDataType">4</property>
                    <property name="position">4</property>
                    <property name="isOptional">false</property>
                    <property name="isInput">true</property>
                </structure>
            </list-property>
            <property name="dataSource">myDataSource1</property>
            <xml-property name="queryText"><![CDATA[new query text]]></xml-property>
            <property name="resultSetName">resultset1</property>
            <list-property name="privateDriverProperties">
                <ex-property>
                    <name>queryTimeOut</name>
                    <value>new private query time out</value>
                </ex-property>
            </list-property>
            <property name="queryTimeOut">new public query time out</property>
        </oda-data-set>
        <oda-data-set extensionID="org.eclipse.birt.report.data.oda.jdbc.JdbcSelectDataSet" name="myDataSet2" id="4">
            <property name="dataSource">myDataSource1</property>
        </oda-data-set>
    </data-sets>
</report>
