<?xml version="1.0" encoding="UTF-8"?>
<report xmlns="http://www.eclipse.org/birt/2005/design" version="3.2.9" id="1">
    <parameters>
        <scalar-parameter name="Param 1" id="5">
            <property name="hidden">true</property>
            <text-property name="helpText" key="help">scalar para help</text-property>
            <method name="validate"><![CDATA[the validation test]]></method>
            <property name="valueType">static</property>
            <property name="dataType">decimal</property>
            <text-property name="promptText">param1 prompt text</text-property>
            <property name="concealValue">true</property>
            <property name="allowBlank">false</property>
            <property name="allowNull">true</property>
            <property name="controlType">check-box</property>
            <property name="dataSetName">myDataSet2</property>
            <expression name="valueExpr">value column</expression>
            <expression name="labelExpr">label column</expression>
            <property name="defaultValue">State</property>
            <list-property name="selectionList">
                <structure>
                    <property name="value">option 1</property>
                    <property name="label">option 1 label</property>
                    <property name="labelID">key 1 for label 1</property>
                </structure>
                <structure>
                    <property name="value">option 2</property>
                    <property name="label">option 2 label</property>
                    <property name="labelID">key 2 for label 1</property>
                </structure>
                <structure>
                    <property name="value">option 3</property>
                </structure>
            </list-property>
        </scalar-parameter>
        <scalar-parameter name="Param 2" id="6">
            <property name="valueType">dynamic</property>
            <property name="dataType">string</property>
            <text-property name="promptText" key="ResourceKey.Parameter.PromptText">City</text-property>
            <property name="listLimit">100</property>
            <property name="concealValue">false</property>
            <property name="allowBlank">true</property>
            <property name="allowNull">false</property>
            <property name="controlType">list-box</property>
            <property name="dataSetName">myDataSet2</property>
            <expression name="valueExpr">row["test"]</expression>
            <expression name="labelExpr">test column</expression>
            <property name="mustMatch">false</property>
        </scalar-parameter>
        <scalar-parameter name="Param 3" id="7">
            <property name="valueType">dynamic</property>
            <property name="dataType">string</property>
            <text-property name="promptText" key="ResourceKey.Parameter.PromptText">City</text-property>
            <property name="listLimit">100</property>
            <property name="concealValue">false</property>
            <property name="allowBlank">true</property>
            <property name="allowNull">false</property>
            <property name="controlType">list-box</property>
            <property name="dataSetName">myDataSet2</property>
            <expression name="valueExpr">row["test"]</expression>
            <expression name="labelExpr">test column</expression>
            <property name="defaultValue">default value param 3</property>
        </scalar-parameter>
    </parameters>
    <data-sources>
        <oda-data-source extensionID="org.eclipse.birt.report.data.oda.jdbc" name="myDataSource1" id="2">
            <text-property name="displayName">My Data Source One</text-property>
            <list-property name="privateDriverProperties">
                <ex-property>
                    <name>odaUser</name>
                    <value>User</value>
                </ex-property>
                <ex-property>
                    <name>odaPassword</name>
                    <value>Password</value>
                </ex-property>
            </list-property>
            <property name="odaDriverClass">com.mysql.jdbc.Driver</property>
            <property name="odaURL">jdbc:mysql://localhost:3306/birt</property>
        </oda-data-source>
    </data-sources>
    <data-sets>
        <oda-data-set extensionID="org.eclipse.birt.report.data.oda.jdbc.JdbcSelectDataSet" name="myDataSet1" id="3">
            <text-property name="displayName">My Data Set One</text-property>
            <list-property name="resultSetHints">
                <structure>
                    <property name="position">1</property>
                    <property name="name">name</property>
                    <property name="dataType">string</property>
                    <property name="nativeDataType">10</property>
                </structure>
                <structure>
                    <property name="position">2</property>
                    <property name="name">date</property>
                    <property name="dataType">date-time</property>
                </structure>
                <structure>
                    <property name="position">3</property>
                    <property name="name">id</property>
                    <property name="dataType">integer</property>
                </structure>
            </list-property>
            <property name="dataSource">myDataSource1</property>
            <list-property name="parameters">
                <structure>
                    <property name="name">dataSetParam1</property>
                    <property name="paramName">Param 1</property>
                    <property name="nativeName">dataSetParam1</property>
                    <property name="dataType">string</property>
                    <property name="nativeDataType">2</property>
                    <property name="position">1</property>
                    <property name="isOptional">false</property>
                    <property name="isInput">true</property>
                </structure>
                <structure>
                    <property name="name">dataSetParam2</property>
                    <property name="paramName">Param 2</property>
                    <property name="nativeName">dataSetParam2</property>
                    <property name="position">2</property>
                    <expression name="defaultValue">param["Param 2"]</expression>
                    <property name="isOptional">true</property>
                    <property name="isOutput">true</property>
                </structure>
                <structure>
                    <property name="name">dataSetParam3</property>
                    <property name="paramName">Param 3</property>
                    <property name="nativeName">dataSetParam3</property>
                    <property name="position">3</property>
                    <expression name="defaultValue">data set param default value 3</expression>
                    <property name="isInput">true</property>
                    <property name="isOutput">true</property>
                </structure>
            </list-property>
            <property name="queryText">select * from user</property>
            <property name="resultSetName">userid</property>
            <xml-property name="designerValues"><![CDATA[<?xml version="1.0" encoding="UTF-8"?>
<model:DesignValues xmlns:design="http://www.eclipse.org/datatools/connectivity/oda/design" xmlns:model="http://www.eclipse.org/birt/report/model/adapter/odaModel">
  <Version>1.0</Version>
  <design:DataSetParameters>
    <design:parameterDefinitions>
      <design:inOutMode>Out</design:inOutMode>
      <design:attributes>
        <design:name>dataSetParam1</design:name>
        <design:position>1</design:position>
        <design:nativeDataTypeCode>2</design:nativeDataTypeCode>
        <design:nullability>Nullable</design:nullability>
        <design:uiHints>
          <design:displayName>param1 prompt text</design:displayName>
          <design:description>scalar para help</design:description>
        </design:uiHints>
      </design:attributes>
      <design:inputAttributes>
        <design:elementAttributes>
          <design:defaultScalarValue>State</design:defaultScalarValue>
          <design:optional>false</design:optional>
          <design:masksValue>true</design:masksValue>
          <design:dynamicValueChoices>
            <design:dataSetDesign>
              <design:name>myDataSet2</design:name>
              <design:odaExtensionDataSetId>org.eclipse.birt.report.data.oda.jdbc.JdbcSelectDataSet</design:odaExtensionDataSetId>
              <design:dataSourceDesign>
                <design:name>myDataSource1</design:name>
                <design:odaExtensionId>org.eclipse.birt.report.data.oda.jdbc</design:odaExtensionId>
                <design:displayName>My Data Source One</design:displayName>
                <design:publicProperties>
                  <design:properties>
                    <design:nameValue>
                      <design:name>odaDriverClass</design:name>
                      <design:value>com.mysql.jdbc.Driver</design:value>
                    </design:nameValue>
                  </design:properties>
                  <design:properties>
                    <design:nameValue>
                      <design:name>odaURL</design:name>
                      <design:value>jdbc:mysql://localhost:3306/birt</design:value>
                    </design:nameValue>
                  </design:properties>
                  <design:properties>
                    <design:nameValue>
                      <design:name>odaDataSource</design:name>
                    </design:nameValue>
                  </design:properties>
                  <design:properties>
                    <design:nameValue>
                      <design:name>odaUser</design:name>
                    </design:nameValue>
                  </design:properties>
                  <design:properties>
                    <design:nameValue>
                      <design:name>odaPassword</design:name>
                    </design:nameValue>
                  </design:properties>
                  <design:properties>
                    <design:nameValue>
                      <design:name>odaJndiName</design:name>
                    </design:nameValue>
                  </design:properties>
                </design:publicProperties>
                <design:privateProperties>
                  <design:properties>
                    <design:nameValue>
                      <design:name>odaUser</design:name>
                      <design:value>User</design:value>
                    </design:nameValue>
                  </design:properties>
                  <design:properties>
                    <design:nameValue>
                      <design:name>odaPassword</design:name>
                      <design:value>Password</design:value>
                    </design:nameValue>
                  </design:properties>
                </design:privateProperties>
              </design:dataSourceDesign>
              <design:query>
                <design:queryText>select * from user</design:queryText>
              </design:query>
              <design:publicProperties>
                <design:properties>
                  <design:nameValue>
                    <design:name>queryTimeOut</design:name>
                  </design:nameValue>
                </design:properties>
              </design:publicProperties>
            </design:dataSetDesign>
            <design:enabled>true</design:enabled>
            <design:valueColumn>value column</design:valueColumn>
            <design:displayNameColumn>label column</design:displayNameColumn>
          </design:dynamicValueChoices>
          <design:uiHints>
            <design:promptStyle>CheckBox</design:promptStyle>
          </design:uiHints>
        </design:elementAttributes>
      </design:inputAttributes>
    </design:parameterDefinitions>
    <design:parameterDefinitions>
      <design:inOutMode>Out</design:inOutMode>
      <design:attributes>
        <design:name>dataSetParam2</design:name>
        <design:position>2</design:position>
        <design:nullability>Unknown</design:nullability>
        <design:uiHints>
          <design:displayName>City</design:displayName>
        </design:uiHints>
      </design:attributes>
      <design:inputAttributes>
        <design:elementAttributes>
          <design:optional>true</design:optional>
          <design:masksValue>false</design:masksValue>
          <design:dynamicValueChoices>
            <design:dataSetDesign>
              <design:name>myDataSet2</design:name>
              <design:odaExtensionDataSetId>org.eclipse.birt.report.data.oda.jdbc.JdbcSelectDataSet</design:odaExtensionDataSetId>
              <design:dataSourceDesign>
                <design:name>myDataSource1</design:name>
                <design:odaExtensionId>org.eclipse.birt.report.data.oda.jdbc</design:odaExtensionId>
                <design:displayName>My Data Source One</design:displayName>
                <design:publicProperties>
                  <design:properties>
                    <design:nameValue>
                      <design:name>odaDriverClass</design:name>
                      <design:value>com.mysql.jdbc.Driver</design:value>
                    </design:nameValue>
                  </design:properties>
                  <design:properties>
                    <design:nameValue>
                      <design:name>odaURL</design:name>
                      <design:value>jdbc:mysql://localhost:3306/birt</design:value>
                    </design:nameValue>
                  </design:properties>
                  <design:properties>
                    <design:nameValue>
                      <design:name>odaDataSource</design:name>
                    </design:nameValue>
                  </design:properties>
                  <design:properties>
                    <design:nameValue>
                      <design:name>odaUser</design:name>
                    </design:nameValue>
                  </design:properties>
                  <design:properties>
                    <design:nameValue>
                      <design:name>odaPassword</design:name>
                    </design:nameValue>
                  </design:properties>
                  <design:properties>
                    <design:nameValue>
                      <design:name>odaJndiName</design:name>
                    </design:nameValue>
                  </design:properties>
                </design:publicProperties>
                <design:privateProperties>
                  <design:properties>
                    <design:nameValue>
                      <design:name>odaUser</design:name>
                      <design:value>User</design:value>
                    </design:nameValue>
                  </design:properties>
                  <design:properties>
                    <design:nameValue>
                      <design:name>odaPassword</design:name>
                      <design:value>Password</design:value>
                    </design:nameValue>
                  </design:properties>
                </design:privateProperties>
              </design:dataSourceDesign>
              <design:query>
                <design:queryText>select * from user</design:queryText>
              </design:query>
              <design:publicProperties>
                <design:properties>
                  <design:nameValue>
                    <design:name>queryTimeOut</design:name>
                  </design:nameValue>
                </design:properties>
              </design:publicProperties>
            </design:dataSetDesign>
            <design:enabled>true</design:enabled>
            <design:valueColumn>row[&quot;test&quot;]</design:valueColumn>
            <design:displayNameColumn>test column</design:displayNameColumn>
          </design:dynamicValueChoices>
          <design:uiHints>
            <design:promptStyle>SelectableList</design:promptStyle>
          </design:uiHints>
        </design:elementAttributes>
      </design:inputAttributes>
    </design:parameterDefinitions>
    <design:parameterDefinitions>
      <design:inOutMode>InOut</design:inOutMode>
      <design:attributes>
        <design:name>dataSetParam3</design:name>
        <design:position>3</design:position>
        <design:nullability>Unknown</design:nullability>
        <design:uiHints>
          <design:displayName>City</design:displayName>
        </design:uiHints>
      </design:attributes>
      <design:inputAttributes>
        <design:elementAttributes>
          <design:defaultScalarValue>default value param 3</design:defaultScalarValue>
          <design:optional>true</design:optional>
          <design:masksValue>false</design:masksValue>
          <design:dynamicValueChoices>
            <design:dataSetDesign>
              <design:name>myDataSet2</design:name>
              <design:odaExtensionDataSetId>org.eclipse.birt.report.data.oda.jdbc.JdbcSelectDataSet</design:odaExtensionDataSetId>
              <design:dataSourceDesign>
                <design:name>myDataSource1</design:name>
                <design:odaExtensionId>org.eclipse.birt.report.data.oda.jdbc</design:odaExtensionId>
                <design:displayName>My Data Source One</design:displayName>
                <design:publicProperties>
                  <design:properties>
                    <design:nameValue>
                      <design:name>odaDriverClass</design:name>
                      <design:value>com.mysql.jdbc.Driver</design:value>
                    </design:nameValue>
                  </design:properties>
                  <design:properties>
                    <design:nameValue>
                      <design:name>odaURL</design:name>
                      <design:value>jdbc:mysql://localhost:3306/birt</design:value>
                    </design:nameValue>
                  </design:properties>
                  <design:properties>
                    <design:nameValue>
                      <design:name>odaDataSource</design:name>
                    </design:nameValue>
                  </design:properties>
                  <design:properties>
                    <design:nameValue>
                      <design:name>odaUser</design:name>
                    </design:nameValue>
                  </design:properties>
                  <design:properties>
                    <design:nameValue>
                      <design:name>odaPassword</design:name>
                    </design:nameValue>
                  </design:properties>
                  <design:properties>
                    <design:nameValue>
                      <design:name>odaJndiName</design:name>
                    </design:nameValue>
                  </design:properties>
                </design:publicProperties>
                <design:privateProperties>
                  <design:properties>
                    <design:nameValue>
                      <design:name>odaUser</design:name>
                      <design:value>User</design:value>
                    </design:nameValue>
                  </design:properties>
                  <design:properties>
                    <design:nameValue>
                      <design:name>odaPassword</design:name>
                      <design:value>Password</design:value>
                    </design:nameValue>
                  </design:properties>
                </design:privateProperties>
              </design:dataSourceDesign>
              <design:query>
                <design:queryText>select * from user</design:queryText>
              </design:query>
              <design:publicProperties>
                <design:properties>
                  <design:nameValue>
                    <design:name>queryTimeOut</design:name>
                  </design:nameValue>
                </design:properties>
              </design:publicProperties>
            </design:dataSetDesign>
            <design:enabled>true</design:enabled>
            <design:valueColumn>row[&quot;test&quot;]</design:valueColumn>
            <design:displayNameColumn>test column</design:displayNameColumn>
          </design:dynamicValueChoices>
          <design:uiHints>
            <design:promptStyle>SelectableListWithTextField</design:promptStyle>
          </design:uiHints>
        </design:elementAttributes>
      </design:inputAttributes>
    </design:parameterDefinitions>
  </design:DataSetParameters>
  <design:ResultSets>
    <design:resultSetDefinitions>
      <design:name>userid</design:name>
      <design:resultSetColumns>
        <design:resultColumnDefinitions>
          <design:attributes>
            <design:name>name</design:name>
            <design:position>1</design:position>
            <design:nativeDataTypeCode>10</design:nativeDataTypeCode>
          </design:attributes>
        </design:resultColumnDefinitions>
        <design:resultColumnDefinitions>
          <design:attributes>
            <design:name>date</design:name>
            <design:position>2</design:position>
          </design:attributes>
        </design:resultColumnDefinitions>
        <design:resultColumnDefinitions>
          <design:attributes>
            <design:name>id</design:name>
            <design:position>3</design:position>
          </design:attributes>
        </design:resultColumnDefinitions>
      </design:resultSetColumns>
    </design:resultSetDefinitions>
  </design:ResultSets>
</model:DesignValues>]]></xml-property>
            <list-property name="privateDriverProperties">
                <ex-property>
                    <name>queryTimeOut</name>
                    <value>10000</value>
                </ex-property>
            </list-property>
            <property name="queryTimeOut">30000</property>
        </oda-data-set>
        <oda-data-set extensionID="org.eclipse.birt.report.data.oda.jdbc.JdbcSelectDataSet" name="myDataSet2" id="4">
            <property name="dataSource">myDataSource1</property>
            <property name="queryText">select * from user</property>
        </oda-data-set>
    </data-sets>
    <page-setup>
        <graphic-master-page name="My Page" id="8">
            <property name="columns">1</property>
            <property name="columnSpacing">0.25mm</property>
        </graphic-master-page>
    </page-setup>
</report>
