<?xml version="1.0" encoding="UTF-8"?>
<report xmlns="http://www.eclipse.org/birt/2005/design" version="3.2.19" id="1">
    <data-sources>
        <oda-data-source extensionID="org.eclipse.birt.report.data.oda.jdbc" name="myDataSource1" id="6">
            <text-property name="displayName">data source display name</text-property>
            <list-property name="privateDriverProperties">
                <ex-property>
                    <name>odaDriverClass</name>
                    <value>new drivers</value>
                </ex-property>
                <ex-property>
                    <name>odaPassword</name>
                    <value>new password</value>
                </ex-property>
            </list-property>
            <property name="odaDriverClass">new drivers</property>
            <property name="odaURL">jdbc:sqlserver://localhost</property>
            <property name="odaUser">new user</property>
        </oda-data-source>
    </data-sources>
    <data-sets>
        <oda-data-set extensionID="org.eclipse.birt.report.data.oda.jdbc.JdbcSelectDataSet" name="myDataSet1" id="5">
            <text-property name="displayName">data set display name</text-property>
            <property name="dataSource">myDataSource1</property>
            <list-property name="parameters">
                <structure>
                    <property name="name">param1</property>
                    <property name="nativeName">param1</property>
                    <property name="dataType">string</property>
                    <property name="nativeDataType">1</property>
                    <property name="position">2</property>
                    <expression name="defaultValue">'default param value'</expression>
                    <property name="isOptional">false</property>
                    <property name="allowNull">false</property>
                    <property name="isInput">true</property>
                    <property name="isOutput">true</property>
                </structure>
            </list-property>
            <list-property name="resultSet">
                <structure>
                    <property name="position">2</property>
                    <property name="name">column1</property>
                    <property name="nativeName">column1</property>
                    <property name="dataType">decimal</property>
                    <property name="nativeDataType">3</property>
                </structure>
            </list-property>
            <xml-property name="queryText"><![CDATA[new query text]]></xml-property>
            <property name="resultSetName">resultset1</property>
            <xml-property name="designerValues"><![CDATA[<?xml version="1.0" encoding="UTF-8"?>
<model:DesignValues xmlns:design="http://www.eclipse.org/datatools/connectivity/oda/design" xmlns:model="http://www.eclipse.org/birt/report/model/adapter/odaModel">
  <Version>1.0</Version>
  <design:DataSetParameters>
    <design:parameterDefinitions>
      <design:inOutMode>InOut</design:inOutMode>
      <design:attributes>
        <design:name>param1</design:name>
        <design:position>2</design:position>
        <design:nativeDataTypeCode>1</design:nativeDataTypeCode>
        <design:nullability>NotNullable</design:nullability>
      </design:attributes>
      <design:inputAttributes>
        <design:elementAttributes>
          <design:defaultValues>
            <design:values>default param value</design:values>
          </design:defaultValues>
          <design:optional>false</design:optional>
        </design:elementAttributes>
      </design:inputAttributes>
    </design:parameterDefinitions>
  </design:DataSetParameters>
  <design:ResultSets>
    <design:resultSetDefinitions>
      <design:resultSetColumns>
        <design:resultColumnDefinitions>
          <design:attributes>
            <design:name>column1</design:name>
            <design:position>2</design:position>
            <design:nativeDataTypeCode>3</design:nativeDataTypeCode>
          </design:attributes>
        </design:resultColumnDefinitions>
      </design:resultSetColumns>
    </design:resultSetDefinitions>
  </design:ResultSets>
</model:DesignValues>
]]></xml-property>
            <list-property name="privateDriverProperties">
                <ex-property>
                    <name>queryTimeOut</name>
                    <value>new private query time out</value>
                </ex-property>
            </list-property>
            <property name="queryTimeOut">new public query time out</property>
        </oda-data-set>
    </data-sets>
</report>
