<?xml version="1.0" encoding="UTF-8"?>
<report xmlns="http://www.eclipse.org/birt/2005/design" version="3.2.16" id="1">
    <data-sources>
        <oda-data-source extensionID="org.eclipse.birt.report.data.oda.jdbc" name="myDataSource1" id="2">
            <text-property name="displayName">My Data Source One</text-property>
            <list-property name="privateDriverProperties">
                <ex-property>
                    <name>odaUser</name>
                    <value>User</value>
                </ex-property>
                <ex-property>
                    <name>odaPassword</name>
                    <value>Password</value>
                </ex-property>
            </list-property>
            <property name="odaDriverClass">com.mysql.jdbc.Driver</property>
            <property name="odaURL">jdbc:mysql://localhost:3306/birt</property>
        </oda-data-source>
    </data-sources>
    <data-sets>
        <oda-data-set extensionID="org.eclipse.birt.report.data.oda.jdbc.JdbcSelectDataSet" name="myDataSet1" id="3">
            <text-property name="displayName">My Data Set One</text-property>
            <list-property name="columnHints">
                <structure>
                    <property name="columnName">name</property>
                    <property name="alias">user name</property>
                    <property name="format">new format for column 1</property>
                    <property name="displayName">new display name for column 1</property>
                    <property name="helpText">new help text for column 1</property>
                    <property name="helpTextID">message.column-hint.help</property>
                </structure>
                <structure>
                    <property name="columnName">date</property>
                    <property name="format">new format for column 2</property>
                    <property name="displayName">new display name for column 2</property>
                    <property name="helpText">new help text for column 2</property>
                </structure>
            </list-property>
            <property name="dataSource">myDataSource1</property>
            <list-property name="resultSet">
                <structure>
                    <property name="position">1</property>
                    <property name="name">name</property>
                    <property name="nativeName">user name</property>
                    <property name="dataType">string</property>
                    <property name="nativeDataType">10</property>
                </structure>
                <structure>
                    <property name="position">2</property>
                    <property name="name">date</property>
                    <property name="nativeName">date</property>
                    <property name="dataType">date-time</property>
                    <property name="nativeDataType">0</property>
                </structure>
            </list-property>
            <property name="queryText">select * from user</property>
            <property name="resultSetName">userid</property>
            <list-property name="privateDriverProperties">
                <ex-property>
                    <name>queryTimeOut</name>
                    <value>10000</value>
                </ex-property>
            </list-property>
            <property name="queryTimeOut">30000</property>
        </oda-data-set>
        <oda-data-set extensionID="org.eclipse.birt.report.data.oda.jdbc.JdbcSelectDataSet" name="myDataSet2" id="4">
            <property name="dataSource">myDataSource1</property>
            <property name="queryText">select * from user</property>
        </oda-data-set>
    </data-sets>
    <page-setup>
        <graphic-master-page name="My Page" id="5">
            <property name="columns">1</property>
            <property name="columnSpacing">0.25mm</property>
        </graphic-master-page>
    </page-setup>
</report>
