<?xml version="1.0" encoding="UTF-8"?>
<report xmlns="http://www.eclipse.org/birt/2005/design" version="3.2.14" id="1">
    <template-parameter-definitions>
        <template-parameter-definition name="NewTemplateParameterDefinition1" id="13">
            <property name="allowedType">Data</property>
            <text-property name="description">123</text-property>
            <default>
                <data id="14">
                    <property name="resultSetColumn">FIRSTNAME</property>
                </data>
            </default>
        </template-parameter-definition>
        <template-parameter-definition name="NewTemplateParameterDefinition" id="17">
            <property name="allowedType">Label</property>
            <text-property name="description">2321</text-property>
            <default>
                <label id="18"/>
            </default>
        </template-parameter-definition>
    </template-parameter-definitions>
    <styles>
        <style name="BoxStyle" id="2">
            <property name="backgroundColor">#CCCCCC</property>
            <property name="fontFamily">Tahoma</property>
            <property name="fontSize">12pt</property>
            <property name="fontWeight">bold</property>
            <property name="fontStyle">italic</property>
            <property name="color">#CCCCCC</property>
            <property name="textLineThrough">line-through</property>
            <property name="textOverline">overline</property>
            <property name="textUnderline">underline</property>
            <property name="borderBottomColor">#CCCCCC</property>
            <property name="borderBottomStyle">solid</property>
            <property name="borderBottomWidth">1pt</property>
            <property name="borderLeftColor">#CCCCCC</property>
            <property name="borderLeftStyle">solid</property>
            <property name="borderLeftWidth">1pt</property>
            <property name="borderRightColor">#CCCCCC</property>
            <property name="borderRightStyle">solid</property>
            <property name="borderRightWidth">1pt</property>
            <property name="borderTopColor">#CCCCCC</property>
            <property name="borderTopStyle">solid</property>
            <property name="borderTopWidth">1pt</property>
            <property name="marginTop">10pt</property>
            <property name="marginLeft">10pt</property>
            <property name="marginBottom">10pt</property>
            <property name="marginRight">10pt</property>
            <property name="paddingTop">10pt</property>
            <property name="paddingLeft">10pt</property>
            <property name="paddingBottom">10pt</property>
            <property name="paddingRight">10pt</property>
            <property name="textAlign">center</property>
            <property name="verticalAlign">middle</property>
            <property name="pageBreakAfter">always</property>
            <property name="pageBreakBefore">always</property>
            <property name="pageBreakInside">avoid</property>
        </style>
    </styles>
    <body>
        <list id="7">
            <property name="dataSet">Data Set</property>
            <list-property name="boundDataColumns">
                <structure>
                    <property name="name">EMPLOYEENUMBER</property>
                    <expression name="expression">dataSetRow["EMPLOYEENUMBER"]</expression>
                    <property name="dataType">integer</property>
                </structure>
                <structure>
                    <property name="name">LASTNAME</property>
                    <expression name="expression">dataSetRow["LASTNAME"]</expression>
                    <property name="dataType">string</property>
                </structure>
                <structure>
                    <property name="name">FIRSTNAME</property>
                    <expression name="expression">dataSetRow["FIRSTNAME"]</expression>
                    <property name="dataType">string</property>
                </structure>
                <structure>
                    <property name="name">EXTENSION</property>
                    <expression name="expression">dataSetRow["EXTENSION"]</expression>
                    <property name="dataType">string</property>
                </structure>
                <structure>
                    <property name="name">EMAIL</property>
                    <expression name="expression">dataSetRow["EMAIL"]</expression>
                    <property name="dataType">string</property>
                </structure>
                <structure>
                    <property name="name">OFFICECODE</property>
                    <expression name="expression">dataSetRow["OFFICECODE"]</expression>
                    <property name="dataType">string</property>
                </structure>
                <structure>
                    <property name="name">REPORTSTO</property>
                    <expression name="expression">dataSetRow["REPORTSTO"]</expression>
                    <property name="dataType">integer</property>
                </structure>
                <structure>
                    <property name="name">JOBTITLE</property>
                    <expression name="expression">dataSetRow["JOBTITLE"]</expression>
                    <property name="dataType">string</property>
                </structure>
            </list-property>
            <detail>
                <template-report-item name="123" id="15">
                    <property name="refTemplateParameter">NewTemplateParameterDefinition1</property>
                </template-report-item>
            </detail>
        </list>
        <template-report-item name="213" id="19">
            <property name="refTemplateParameter">NewTemplateParameterDefinition</property>
        </template-report-item>
    </body>
</report>
